Component: ARM Compiler 5.06 update 5 (build 528) Tool: armlink [4d35e2]

==============================================================================

Section Cross References

    startup_stm32f103xb.o(RESET) refers to startup_stm32f103xb.o(STACK) for __initial_sp
    startup_stm32f103xb.o(RESET) refers to startup_stm32f103xb.o(.text) for Reset_Handler
    startup_stm32f103xb.o(RESET) refers to stm32f1xx_it.o(i.NMI_Handler) for NMI_Handler
    startup_stm32f103xb.o(RESET) refers to stm32f1xx_it.o(i.HardFault_Handler) for HardFault_Handler
    startup_stm32f103xb.o(RESET) refers to stm32f1xx_it.o(i.MemManage_Handler) for MemManage_Handler
    startup_stm32f103xb.o(RESET) refers to stm32f1xx_it.o(i.BusFault_Handler) for BusFault_Handler
    startup_stm32f103xb.o(RESET) refers to stm32f1xx_it.o(i.UsageFault_Handler) for UsageFault_Handler
    startup_stm32f103xb.o(RESET) refers to stm32f1xx_it.o(i.SVC_Handler) for SVC_Handler
    startup_stm32f103xb.o(RESET) refers to stm32f1xx_it.o(i.DebugMon_Handler) for DebugMon_Handler
    startup_stm32f103xb.o(RESET) refers to stm32f1xx_it.o(i.PendSV_Handler) for PendSV_Handler
    startup_stm32f103xb.o(RESET) refers to stm32f1xx_it.o(i.SysTick_Handler) for SysTick_Handler
    startup_stm32f103xb.o(RESET) refers to stm32f1xx_it.o(i.DMA1_Channel1_IRQHandler) for DMA1_Channel1_IRQHandler
    startup_stm32f103xb.o(RESET) refers to stm32f1xx_it.o(i.ADC1_2_IRQHandler) for ADC1_2_IRQHandler
    startup_stm32f103xb.o(.text) refers to system_stm32f1xx.o(i.SystemInit) for SystemInit
    startup_stm32f103xb.o(.text) refers to entry.o(.ARM.Collect$$$$00000000) for __main
    main.o(i.SystemClock_Config) refers to memseta.o(.text) for __aeabi_memclr4
    main.o(i.SystemClock_Config) refers to stm32f1xx_hal_rcc.o(i.HAL_RCC_OscConfig) for HAL_RCC_OscConfig
    main.o(i.SystemClock_Config) refers to main.o(i.Error_Handler) for Error_Handler
    main.o(i.SystemClock_Config) refers to stm32f1xx_hal_rcc.o(i.HAL_RCC_ClockConfig) for HAL_RCC_ClockConfig
    main.o(i.SystemClock_Config) refers to stm32f1xx_hal_rcc_ex.o(i.HAL_RCCEx_PeriphCLKConfig) for HAL_RCCEx_PeriphCLKConfig
    main.o(i.main) refers to stm32f1xx_hal.o(i.HAL_Init) for HAL_Init
    main.o(i.main) refers to main.o(i.SystemClock_Config) for SystemClock_Config
    main.o(i.main) refers to gpio.o(i.MX_GPIO_Init) for MX_GPIO_Init
    main.o(i.main) refers to dma.o(i.MX_DMA_Init) for MX_DMA_Init
    main.o(i.main) refers to tim.o(i.MX_TIM2_Init) for MX_TIM2_Init
    main.o(i.main) refers to adc.o(i.MX_ADC1_Init) for MX_ADC1_Init
    main.o(i.main) refers to oled.o(i.OLED_Init) for OLED_Init
    main.o(i.main) refers to oled.o(i.OLED_Clear) for OLED_Clear
    main.o(i.main) refers to sys.o(i.sys_stm32_clock_init) for sys_stm32_clock_init
    main.o(i.main) refers to delay.o(i.delay_init) for delay_init
    main.o(i.main) refers to body_hw.o(i.BODY_HW_Init) for BODY_HW_Init
    main.o(i.main) refers to bsp_scheduler.o(i.scheduler_init) for scheduler_init
    main.o(i.main) refers to dht11.o(i.dht11_init) for dht11_init
    main.o(i.main) refers to delay.o(i.delay_ms) for delay_ms
    main.o(i.main) refers to stm32f1xx_hal_tim.o(i.HAL_TIM_PWM_Start) for HAL_TIM_PWM_Start
    main.o(i.main) refers to dht11.o(i.DHT11_proc) for DHT11_proc
    main.o(i.main) refers to body_hw.o(i.HCSR501_proc) for HCSR501_proc
    main.o(i.main) refers to bsp_scheduler.o(i.scheduler_run) for scheduler_run
    main.o(i.main) refers to tim.o(.bss) for htim2
    gpio.o(i.MX_GPIO_Init) refers to stm32f1xx_hal_gpio.o(i.HAL_GPIO_WritePin) for HAL_GPIO_WritePin
    gpio.o(i.MX_GPIO_Init) refers to stm32f1xx_hal_gpio.o(i.HAL_GPIO_Init) for HAL_GPIO_Init
    adc.o(i.HAL_ADC_MspDeInit) refers to stm32f1xx_hal_gpio.o(i.HAL_GPIO_DeInit) for HAL_GPIO_DeInit
    adc.o(i.HAL_ADC_MspDeInit) refers to stm32f1xx_hal_dma.o(i.HAL_DMA_DeInit) for HAL_DMA_DeInit
    adc.o(i.HAL_ADC_MspDeInit) refers to stm32f1xx_hal_cortex.o(i.HAL_NVIC_DisableIRQ) for HAL_NVIC_DisableIRQ
    adc.o(i.HAL_ADC_MspInit) refers to stm32f1xx_hal_gpio.o(i.HAL_GPIO_Init) for HAL_GPIO_Init
    adc.o(i.HAL_ADC_MspInit) refers to stm32f1xx_hal_dma.o(i.HAL_DMA_Init) for HAL_DMA_Init
    adc.o(i.HAL_ADC_MspInit) refers to main.o(i.Error_Handler) for Error_Handler
    adc.o(i.HAL_ADC_MspInit) refers to stm32f1xx_hal_cortex.o(i.HAL_NVIC_SetPriority) for HAL_NVIC_SetPriority
    adc.o(i.HAL_ADC_MspInit) refers to stm32f1xx_hal_cortex.o(i.HAL_NVIC_EnableIRQ) for HAL_NVIC_EnableIRQ
    adc.o(i.HAL_ADC_MspInit) refers to adc.o(.bss) for hdma_adc1
    adc.o(i.MX_ADC1_Init) refers to stm32f1xx_hal_adc.o(i.HAL_ADC_Init) for HAL_ADC_Init
    adc.o(i.MX_ADC1_Init) refers to main.o(i.Error_Handler) for Error_Handler
    adc.o(i.MX_ADC1_Init) refers to stm32f1xx_hal_adc.o(i.HAL_ADC_ConfigChannel) for HAL_ADC_ConfigChannel
    adc.o(i.MX_ADC1_Init) refers to adc.o(.bss) for hadc1
[...]
    Removing stm32f1xx_hal_tim.o(i.HAL_TIM_IC_CaptureCallback), (2 bytes).
    Removing stm32f1xx_hal_tim.o(i.HAL_TIM_IC_CaptureHalfCpltCallback), (2 bytes).
    Removing stm32f1xx_hal_tim.o(i.HAL_TIM_IC_ConfigChannel), (222 bytes).
    Removing stm32f1xx_hal_tim.o(i.HAL_TIM_IC_DeInit), (120 bytes).
    Removing stm32f1xx_hal_tim.o(i.HAL_TIM_IC_GetState), (8 bytes).
    Removing stm32f1xx_hal_tim.o(i.HAL_TIM_IC_Init), (102 bytes).
    Removing stm32f1xx_hal_tim.o(i.HAL_TIM_IC_MspDeInit), (2 bytes).
    Removing stm32f1xx_hal_tim.o(i.HAL_TIM_IC_MspInit), (2 bytes).
    Removing stm32f1xx_hal_tim.o(i.HAL_TIM_IC_Start), (268 bytes).
    Removing stm32f1xx_hal_tim.o(i.HAL_TIM_IC_Start_DMA), (560 bytes).
    Removing stm32f1xx_hal_tim.o(i.HAL_TIM_IC_Start_IT), (352 bytes).
    Removing stm32f1xx_hal_tim.o(i.HAL_TIM_IC_Stop), (138 bytes).
    Removing stm32f1xx_hal_tim.o(i.HAL_TIM_IC_Stop_DMA), (244 bytes).
    Removing stm32f1xx_hal_tim.o(i.HAL_TIM_IC_Stop_IT), (222 bytes).
    Removing stm32f1xx_hal_tim.o(i.HAL_TIM_IRQHandler), (364 bytes).
    Removing stm32f1xx_hal_tim.o(i.HAL_TIM_OC_ConfigChannel), (112 bytes).
    Removing stm32f1xx_hal_tim.o(i.HAL_TIM_OC_DeInit), (120 bytes).
    Removing stm32f1xx_hal_tim.o(i.HAL_TIM_OC_DelayElapsedCallback), (2 bytes).
    Removing stm32f1xx_hal_tim.o(i.HAL_TIM_OC_GetState), (8 bytes).
    Removing stm32f1xx_hal_tim.o(i.HAL_TIM_OC_Init), (102 bytes).
    Removing stm32f1xx_hal_tim.o(i.HAL_TIM_OC_MspDeInit), (2 bytes).
    Removing stm32f1xx_hal_tim.o(i.HAL_TIM_OC_MspInit), (2 bytes).
    Removing stm32f1xx_hal_tim.o(i.HAL_TIM_OC_Start), (212 bytes).
    Removing stm32f1xx_hal_tim.o(i.HAL_TIM_OC_Start_DMA), (532 bytes).
    Removing stm32f1xx_hal_tim.o(i.HAL_TIM_OC_Start_IT), (292 bytes).
    Removing stm32f1xx_hal_tim.o(i.HAL_TIM_OC_Stop), (156 bytes).
    Removing stm32f1xx_hal_tim.o(i.HAL_TIM_OC_Stop_DMA), (264 bytes).
    Removing stm32f1xx_hal_tim.o(i.HAL_TIM_OC_Stop_IT), (240 bytes).
    Removing stm32f1xx_hal_tim.o(i.HAL_TIM_OnePulse_ConfigChannel), (310 bytes).
    Removing stm32f1xx_hal_tim.o(i.HAL_TIM_OnePulse_DeInit), (96 bytes).
    Removing stm32f1xx_hal_tim.o(i.HAL_TIM_OnePulse_GetState), (8 bytes).
    Removing stm32f1xx_hal_tim.o(i.HAL_TIM_OnePulse_Init), (102 bytes).
    Removing stm32f1xx_hal_tim.o(i.HAL_TIM_OnePulse_MspDeInit), (2 bytes).
    Removing stm32f1xx_hal_tim.o(i.HAL_TIM_OnePulse_MspInit), (2 bytes).
    Removing stm32f1xx_hal_tim.o(i.HAL_TIM_OnePulse_Start), (128 bytes).
    Removing stm32f1xx_hal_tim.o(i.HAL_TIM_OnePulse_Start_IT), (152 bytes).
    Removing stm32f1xx_hal_tim.o(i.HAL_TIM_OnePulse_Stop), (148 bytes).
    Removing stm32f1xx_hal_tim.o(i.HAL_TIM_OnePulse_Stop_IT), (172 bytes).
    Removing stm32f1xx_hal_tim.o(i.HAL_TIM_PWM_DeInit), (120 bytes).
    Removing stm32f1xx_hal_tim.o(i.HAL_TIM_PWM_GetState), (8 bytes).
    Removing stm32f1xx_hal_tim.o(i.HAL_TIM_PWM_MspDeInit), (2 bytes).
    Removing stm32f1xx_hal_tim.o(i.HAL_TIM_PWM_PulseFinishedCallback), (2 bytes).
    Removing stm32f1xx_hal_tim.o(i.HAL_TIM_PWM_PulseFinishedHalfCpltCallback), (2 bytes).
    Removing stm32f1xx_hal_tim.o(i.HAL_TIM_PWM_Start_DMA), (532 bytes).
    Removing stm32f1xx_hal_tim.o(i.HAL_TIM_PWM_Start_IT), (292 bytes).
    Removing stm32f1xx_hal_tim.o(i.HAL_TIM_PWM_Stop), (156 bytes).
    Removing stm32f1xx_hal_tim.o(i.HAL_TIM_PWM_Stop_DMA), (264 bytes).
    Removing stm32f1xx_hal_tim.o(i.HAL_TIM_PWM_Stop_IT), (240 bytes).
    Removing stm32f1xx_hal_tim.o(i.HAL_TIM_PeriodElapsedCallback), (2 bytes).
    Removing stm32f1xx_hal_tim.o(i.HAL_TIM_PeriodElapsedHalfCpltCallback), (2 bytes).
    Removing stm32f1xx_hal_tim.o(i.HAL_TIM_ReadCapturedValue), (50 bytes).
    Removing stm32f1xx_hal_tim.o(i.HAL_TIM_SlaveConfigSynchro), (108 bytes).
    Removing stm32f1xx_hal_tim.o(i.HAL_TIM_SlaveConfigSynchro_IT), (108 bytes).
    Removing stm32f1xx_hal_tim.o(i.HAL_TIM_TriggerCallback), (2 bytes).
    Removing stm32f1xx_hal_tim.o(i.HAL_TIM_TriggerHalfCpltCallback), (2 bytes).
    Removing stm32f1xx_hal_tim.o(i.TIM_DMACaptureCplt), (122 bytes).
    Removing stm32f1xx_hal_tim.o(i.TIM_DMACaptureHalfCplt), (64 bytes).
    Removing stm32f1xx_hal_tim.o(i.TIM_DMADelayPulseCplt), (104 bytes).
    Removing stm32f1xx_hal_tim.o(i.TIM_DMADelayPulseHalfCplt), (64 bytes).
    Removing stm32f1xx_hal_tim.o(i.TIM_DMAError), (94 bytes).
    Removing stm32f1xx_hal_tim.o(i.TIM_DMAPeriodElapsedCplt), (26 bytes).
    Removing stm32f1xx_hal_tim.o(i.TIM_DMAPeriodElapsedHalfCplt), (14 bytes).
    Removing stm32f1xx_hal_tim.o(i.TIM_DMATriggerCplt), (26 bytes).
    Removing stm32f1xx_hal_tim.o(i.TIM_DMATriggerHalfCplt), (14 bytes).
    Removing stm32f1xx_hal_tim.o(i.TIM_SlaveTimer_SetConfig), (178 bytes).
    Removing stm32f1xx_hal_tim.o(i.TIM_TI1_SetConfig), (104 bytes).
    Removing stm32f1xx_hal_tim.o(i.TIM_TI2_SetConfig), (58 bytes).
    Removing stm32f1xx_hal_tim.o(i.TIM_TI3_SetConfig), (56 bytes).
    Removing stm32f1xx_hal_tim.o(i.TIM_TI4_SetConfig), (60 bytes).
    Removing stm32f1xx_hal_tim_ex.o(.rev16_text), (4 bytes).
    Removing stm32f1xx_hal_tim_ex.o(.revsh_text), (4 bytes).
    Removing stm32f1xx_hal_tim_ex.o(.rrx_text), (6 bytes).
    Removing stm32f1xx_hal_tim_ex.o(i.HAL_TIMEx_BreakCallback), (2 bytes).
    Removing stm32f1xx_hal_tim_ex.o(i.HAL_TIMEx_CommutCallback), (2 bytes).
    Removing stm32f1xx_hal_tim_ex.o(i.HAL_TIMEx_CommutHalfCpltCallback), (2 bytes).
    Removing stm32f1xx_hal_tim_ex.o(i.HAL_TIMEx_ConfigBreakDeadTime), (116 bytes).
    Removing stm32f1xx_hal_tim_ex.o(i.HAL_TIMEx_ConfigCommutEvent), (134 bytes).
    Removing stm32f1xx_hal_tim_ex.o(i.HAL_TIMEx_ConfigCommutEvent_DMA), (164 bytes).
    Removing stm32f1xx_hal_tim_ex.o(i.HAL_TIMEx_ConfigCommutEvent_IT), (134 bytes).
    Removing stm32f1xx_hal_tim_ex.o(i.HAL_TIMEx_GetChannelNState), (38 bytes).
    Removing stm32f1xx_hal_tim_ex.o(i.HAL_TIMEx_HallSensor_DeInit), (96 bytes).
    Removing stm32f1xx_hal_tim_ex.o(i.HAL_TIMEx_HallSensor_GetState), (8 bytes).
    Removing stm32f1xx_hal_tim_ex.o(i.HAL_TIMEx_HallSensor_Init), (234 bytes).
    Removing stm32f1xx_hal_tim_ex.o(i.HAL_TIMEx_HallSensor_MspDeInit), (2 bytes).
    Removing stm32f1xx_hal_tim_ex.o(i.HAL_TIMEx_HallSensor_MspInit), (2 bytes).
    Removing stm32f1xx_hal_tim_ex.o(i.HAL_TIMEx_HallSensor_Start), (168 bytes).
    Removing stm32f1xx_hal_tim_ex.o(i.HAL_TIMEx_HallSensor_Start_DMA), (232 bytes).
    Removing stm32f1xx_hal_tim_ex.o(i.HAL_TIMEx_HallSensor_Start_IT), (180 bytes).
    Removing stm32f1xx_hal_tim_ex.o(i.HAL_TIMEx_HallSensor_Stop), (78 bytes).
    Removing stm32f1xx_hal_tim_ex.o(i.HAL_TIMEx_HallSensor_Stop_DMA), (84 bytes).
    Removing stm32f1xx_hal_tim_ex.o(i.HAL_TIMEx_HallSensor_Stop_IT), (90 bytes).
    Removing stm32f1xx_hal_tim_ex.o(i.HAL_TIMEx_OCN_Start), (196 bytes).
    Removing stm32f1xx_hal_tim_ex.o(i.HAL_TIMEx_OCN_Start_DMA), (456 bytes).
    Removing stm32f1xx_hal_tim_ex.o(i.HAL_TIMEx_OCN_Start_IT), (276 bytes).
    Removing stm32f1xx_hal_tim_ex.o(i.HAL_TIMEx_OCN_Stop), (136 bytes).
    Removing stm32f1xx_hal_tim_ex.o(i.HAL_TIMEx_OCN_Stop_DMA), (220 bytes).
    Removing stm32f1xx_hal_tim_ex.o(i.HAL_TIMEx_OCN_Stop_IT), (230 bytes).
    Removing stm32f1xx_hal_tim_ex.o(i.HAL_TIMEx_OnePulseN_Start), (118 bytes).
    Removing stm32f1xx_hal_tim_ex.o(i.HAL_TIMEx_OnePulseN_Start_IT), (142 bytes).
    Removing stm32f1xx_hal_tim_ex.o(i.HAL_TIMEx_OnePulseN_Stop), (138 bytes).
    Removing stm32f1xx_hal_tim_ex.o(i.HAL_TIMEx_OnePulseN_Stop_IT), (162 bytes).
    Removing stm32f1xx_hal_tim_ex.o(i.HAL_TIMEx_PWMN_Start), (196 bytes).
    Removing stm32f1xx_hal_tim_ex.o(i.HAL_TIMEx_PWMN_Start_DMA), (456 bytes).
    Removing stm32f1xx_hal_tim_ex.o(i.HAL_TIMEx_PWMN_Start_IT), (276 bytes).
    Removing stm32f1xx_hal_tim_ex.o(i.HAL_TIMEx_PWMN_Stop), (136 bytes).
    Removing stm32f1xx_hal_tim_ex.o(i.HAL_TIMEx_PWMN_Stop_DMA), (220 bytes).
    Removing stm32f1xx_hal_tim_ex.o(i.HAL_TIMEx_PWMN_Stop_IT), (230 bytes).
    Removing stm32f1xx_hal_tim_ex.o(i.HAL_TIMEx_RemapConfig), (6 bytes).
    Removing stm32f1xx_hal_tim_ex.o(i.TIMEx_DMACommutationCplt), (20 bytes).
    Removing stm32f1xx_hal_tim_ex.o(i.TIMEx_DMACommutationHalfCplt), (20 bytes).
    Removing stm32f1xx_hal_tim_ex.o(i.TIM_CCxNChannelCmd), (34 bytes).
    Removing stm32f1xx_hal_tim_ex.o(i.TIM_DMADelayPulseNCplt), (82 bytes).
    Removing stm32f1xx_hal_tim_ex.o(i.TIM_DMAErrorCCxN), (68 bytes).
    Removing system_stm32f1xx.o(.rev16_text), (4 bytes).
    Removing system_stm32f1xx.o(.revsh_text), (4 bytes).
    Removing system_stm32f1xx.o(.rrx_text), (6 bytes).
    Removing system_stm32f1xx.o(i.SystemCoreClockUpdate), (164 bytes).
    Removing bsp_led_ui.o(.rev16_text), (4 bytes).
    Removing bsp_led_ui.o(.revsh_text), (4 bytes).
    Removing bsp_led_ui.o(.rrx_text), (6 bytes).
    Removing bsp_scheduler.o(.rev16_text), (4 bytes).
    Removing bsp_scheduler.o(.revsh_text), (4 bytes).
    Removing bsp_scheduler.o(.rrx_text), (6 bytes).
    Removing ringbuffer.o(.rev16_text), (4 bytes).
    Removing ringbuffer.o(.revsh_text), (4 bytes).
    Removing ringbuffer.o(.rrx_text), (6 bytes).
    Removing ringbuffer.o(i.ringbuffer_init), (26 bytes).
    Removing ringbuffer.o(i.ringbuffer_is_empty), (14 bytes).
    Removing ringbuffer.o(i.ringbuffer_is_full), (16 bytes).
    Removing ringbuffer.o(i.ringbuffer_read), (68 bytes).
    Removing ringbuffer.o(i.ringbuffer_write), (68 bytes).
    Removing bsp_key.o(.rev16_text), (4 bytes).
    Removing bsp_key.o(.revsh_text), (4 bytes).
    Removing bsp_key.o(.rrx_text), (6 bytes).
    Removing bsp_led.o(.rev16_text), (4 bytes).
    Removing bsp_led.o(.revsh_text), (4 bytes).
    Removing bsp_led.o(.rrx_text), (6 bytes).
    Removing bsp_oled.o(.rev16_text), (4 bytes).
    Removing bsp_oled.o(.revsh_text), (4 bytes).
    Removing bsp_oled.o(.rrx_text), (6 bytes).
    Removing oled.o(.rev16_text), (4 bytes).
    Removing oled.o(.revsh_text), (4 bytes).
    Removing oled.o(.rrx_text), (6 bytes).
    Removing oled.o(i.OLED_Pow), (20 bytes).
    Removing oled.o(i.OLED_ShowBinNum), (62 bytes).
    Removing oled.o(i.OLED_ShowHexNum), (84 bytes).
    Removing oled.o(i.OLED_ShowNum), (68 bytes).
    Removing oled.o(i.OLED_ShowSignedNum), (102 bytes).
    Removing bsp_adc.o(.rev16_text), (4 bytes).
    Removing bsp_adc.o(.revsh_text), (4 bytes).
    Removing bsp_adc.o(.rrx_text), (6 bytes).
    Removing bsp_beep.o(.rev16_text), (4 bytes).
    Removing bsp_beep.o(.revsh_text), (4 bytes).
    Removing bsp_beep.o(.rrx_text), (6 bytes).
    Removing bsp_water.o(.rev16_text), (4 bytes).
    Removing bsp_water.o(.revsh_text), (4 bytes).
    Removing bsp_water.o(.rrx_text), (6 bytes).
    Removing delay.o(.rev16_text), (4 bytes).
    Removing delay.o(.revsh_text), (4 bytes).
    Removing delay.o(.rrx_text), (6 bytes).
    Removing delay.o(i.HAL_Delay), (12 bytes).
    Removing dht11.o(.rev16_text), (4 bytes).
    Removing dht11.o(.revsh_text), (4 bytes).
    Removing dht11.o(.rrx_text), (6 bytes).
    Removing sys.o(.rev16_text), (4 bytes).
    Removing sys.o(.revsh_text), (4 bytes).
    Removing sys.o(.rrx_text), (6 bytes).
    Removing sys.o(i.sys_intx_disable), (4 bytes).
    Removing sys.o(i.sys_intx_enable), (4 bytes).
    Removing sys.o(i.sys_msr_msp), (10 bytes).
    Removing sys.o(i.sys_nvic_set_vector_table), (16 bytes).
    Removing sys.o(i.sys_soft_reset), (68 bytes).
    Removing sys.o(i.sys_standby), (52 bytes).
    Removing sys.o(i.sys_wfi_set), (4 bytes).
    Removing body_hw.o(.rev16_text), (4 bytes).
    Removing body_hw.o(.revsh_text), (4 bytes).
    Removing body_hw.o(.rrx_text), (6 bytes).

424 unused section(s) (total 32500 bytes) removed from the image.

==============================================================================

Image Symbol Table

    Local Symbols

    Symbol Name                              Value     Ov Type        Size  Object(Section)

    ../Core/Src/adc.c                        0x00000000   Number         0  adc.o ABSOLUTE
    ../Core/Src/dma.c                        0x00000000   Number         0  dma.o ABSOLUTE
    ../Core/Src/gpio.c                       0x00000000   Number         0  gpio.o ABSOLUTE
    ../Core/Src/main.c                       0x00000000   Number         0  main.o ABSOLUTE
    ../Core/Src/stm32f1xx_hal_msp.c          0x00000000   Number         0  stm32f1xx_hal_msp.o ABSOLUTE
    ../Core/Src/stm32f1xx_it.c               0x00000000   Number         0  stm32f1xx_it.o ABSOLUTE
    ../Core/Src/system_stm32f1xx.c           0x00000000   Number         0  system_stm32f1xx.o ABSOLUTE
    ../Core/Src/tim.c                        0x00000000   Number         0  tim.o ABSOLUTE
    ../Drivers/STM32F1xx_HAL_Driver/Src/stm32f1xx_hal.c 0x00000000   Number         0  stm32f1xx_hal.o ABSOLUTE
    ../Drivers/STM32F1xx_HAL_Driver/Src/stm32f1xx_hal_adc.c 0x00000000   Number         0  stm32f1xx_hal_adc.o ABSOLUTE
    ../Drivers/STM32F1xx_HAL_Driver/Src/stm32f1xx_hal_adc_ex.c 0x00000000   Number         0  stm32f1xx_hal_adc_ex.o ABSOLUTE
    ../Drivers/STM32F1xx_HAL_Driver/Src/stm32f1xx_hal_cortex.c 0x00000000   Number         0  stm32f1xx_hal_cortex.o ABSOLUTE
    ../Drivers/STM32F1xx_HAL_Driver/Src/stm32f1xx_hal_dma.c 0x00000000   Number         0  stm32f1xx_hal_dma.o ABSOLUTE
    ../Drivers/STM32F1xx_HAL_Driver/Src/stm32f1xx_hal_exti.c 0x00000000   Number         0  stm32f1xx_hal_exti.o ABSOLUTE
    ../Drivers/STM32F1xx_HAL_Driver/Src/stm32f1xx_hal_flash.c 0x00000000   Number         0  stm32f1xx_hal_flash.o ABSOLUTE
    ../Drivers/STM32F1xx_HAL_Driver/Src/stm32f1xx_hal_flash_ex.c 0x00000000   Number         0  stm32f1xx_hal_flash_ex.o ABSOLUTE
    ../Drivers/STM32F1xx_HAL_Driver/Src/stm32f1xx_hal_gpio.c 0x00000000   Number         0  stm32f1xx_hal_gpio.o ABSOLUTE
    ../Drivers/STM32F1xx_HAL_Driver/Src/stm32f1xx_hal_gpio_ex.c 0x00000000   Number         0  stm32f1xx_hal_gpio_ex.o ABSOLUTE
    ../Drivers/STM32F1xx_HAL_Driver/Src/stm32f1xx_hal_pwr.c 0x00000000   Number         0  stm32f1xx_hal_pwr.o ABSOLUTE
    ../Drivers/STM32F1xx_HAL_Driver/Src/stm32f1xx_hal_rcc.c 0x00000000   Number         0  stm32f1xx_hal_rcc.o ABSOLUTE
    ../Drivers/STM32F1xx_HAL_Driver/Src/stm32f1xx_hal_rcc_ex.c 0x00000000   Number         0  stm32f1xx_hal_rcc_ex.o ABSOLUTE
    ../Drivers/STM32F1xx_HAL_Driver/Src/stm32f1xx_hal_tim.c 0x00000000   Number         0  stm32f1xx_hal_tim.o ABSOLUTE
    ../Drivers/STM32F1xx_HAL_Driver/Src/stm32f1xx_hal_tim_ex.c 0x00000000   Number         0  stm32f1xx_hal_tim_ex.o ABSOLUTE
    ../clib/microlib/division.c              0x00000000   Number         0  uidiv.o ABSOLUTE
    ../clib/microlib/division.c              0x00000000   Number         0  uldiv.o ABSOLUTE
    ../clib/microlib/init/entry.s            0x00000000   Number         0  entry9b.o ABSOLUTE
    ../clib/microlib/init/entry.s            0x00000000   Number         0  entry9a.o ABSOLUTE
    ../clib/microlib/init/entry.s            0x00000000   Number         0  entry8b.o ABSOLUTE
    ../clib/microlib/init/entry.s            0x00000000   Number         0  entry2.o ABSOLUTE
    ../clib/microlib/init/entry.s            0x00000000   Number         0  entry8a.o ABSOLUTE
    ../clib/microlib/init/entry.s            0x00000000   Number         0  entry5.o ABSOLUTE
    ../clib/microlib/init/entry.s            0x00000000   Number         0  entry7b.o ABSOLUTE
    ../clib/microlib/init/entry.s            0x00000000   Number         0  entry7a.o ABSOLUTE
    ../clib/microlib/init/entry.s            0x00000000   Number         0  entry10b.o ABSOLUTE
    ../clib/microlib/init/entry.s            0x00000000   Number         0  entry11a.o ABSOLUTE
    ../clib/microlib/init/entry.s            0x00000000   Number         0  entry11b.o ABSOLUTE
    ../clib/microlib/init/entry.s            0x00000000   Number         0  entry.o ABSOLUTE
    ../clib/microlib/init/entry.s            0x00000000   Number         0  entry10a.o ABSOLUTE
    ../clib/microlib/longlong.c              0x00000000   Number         0  llsshr.o ABSOLUTE
    ../clib/microlib/longlong.c              0x00000000   Number         0  llshl.o ABSOLUTE
    ../clib/microlib/longlong.c              0x00000000   Number         0  llushr.o ABSOLUTE
    ../clib/microlib/printf/printf.c         0x00000000   Number         0  printfa.o ABSOLUTE
    ../clib/microlib/stdio/fputc.c           0x00000000   Number         0  fputc.o ABSOLUTE
    ../clib/microlib/stdio/semi.s            0x00000000   Number         0  semi.o ABSOLUTE
    ../clib/microlib/stdio/streams.c         0x00000000   Number         0  stdout.o ABSOLUTE
    ../clib/microlib/string/memset.c         0x00000000   Number         0  memseta.o ABSOLUTE
    ../clib/microlib/stubs.s                 0x00000000   Number         0  iusesemip.o ABSOLUTE
    ../clib/microlib/stubs.s                 0x00000000   Number         0  iusefp.o ABSOLUTE
    ../fplib/microlib/fpadd.c                0x00000000   Number         0  dadd.o ABSOLUTE
    ../fplib/microlib/fpdiv.c                0x00000000   Number         0  ddiv.o ABSOLUTE
    ../fplib/microlib/fpepilogue.c           0x00000000   Number         0  depilogue.o ABSOLUTE
    ../fplib/microlib/fpfix.c                0x00000000   Number         0  dfixul.o ABSOLUTE
    ../fplib/microlib/fpmul.c                0x00000000   Number         0  dmul.o ABSOLUTE
    ..\BSP\bsp_adc.c                         0x00000000   Number         0  bsp_adc.o ABSOLUTE
    ..\BSP\bsp_beep.c                        0x00000000   Number         0  bsp_beep.o ABSOLUTE
    ..\BSP\bsp_key.c                         0x00000000   Number         0  bsp_key.o ABSOLUTE
    ..\BSP\bsp_led.c                         0x00000000   Number         0  bsp_led.o ABSOLUTE
    ..\BSP\bsp_led_ui.c                      0x00000000   Number         0  bsp_led_ui.o ABSOLUTE
    ..\BSP\bsp_oled.c                        0x00000000   Number         0  bsp_oled.o ABSOLUTE
    ..\BSP\bsp_scheduler.c                   0x00000000   Number         0  bsp_scheduler.o ABSOLUTE
    ..\BSP\bsp_water.c                       0x00000000   Number         0  bsp_water.o ABSOLUTE
    ..\BSP\ringbuffer.c                      0x00000000   Number         0  ringbuffer.o ABSOLUTE
    ..\Core\Src\adc.c                        0x00000000   Number         0  adc.o ABSOLUTE
    ..\Core\Src\dma.c                        0x00000000   Number         0  dma.o ABSOLUTE
    ..\Core\Src\gpio.c                       0x00000000   Number         0  gpio.o ABSOLUTE
    ..\Core\Src\main.c                       0x00000000   Number         0  main.o ABSOLUTE
    ..\Core\Src\stm32f1xx_hal_msp.c          0x00000000   Number         0  stm32f1xx_hal_msp.o ABSOLUTE
    ..\Core\Src\stm32f1xx_it.c               0x00000000   Number         0  stm32f1xx_it.o ABSOLUTE
    ..\Core\Src\system_stm32f1xx.c           0x00000000   Number         0  system_stm32f1xx.o ABSOLUTE
    ..\Core\Src\tim.c                        0x00000000   Number         0  tim.o ABSOLUTE
    ..\DHT11\delay.c                         0x00000000   Number         0  delay.o ABSOLUTE
    ..\DHT11\dht11.c                         0x00000000   Number         0  dht11.o ABSOLUTE
    ..\DHT11\sys.c                           0x00000000   Number         0  sys.o ABSOLUTE
    ..\Drivers\STM32F1xx_HAL_Driver\Src\stm32f1xx_hal.c 0x00000000   Number         0  stm32f1xx_hal.o ABSOLUTE
    ..\Drivers\STM32F1xx_HAL_Driver\Src\stm32f1xx_hal_adc.c 0x00000000   Number         0  stm32f1xx_hal_adc.o ABSOLUTE
    ..\Drivers\STM32F1xx_HAL_Driver\Src\stm32f1xx_hal_adc_ex.c 0x00000000   Number         0  stm32f1xx_hal_adc_ex.o ABSOLUTE
    ..\Drivers\STM32F1xx_HAL_Driver\Src\stm32f1xx_hal_cortex.c 0x00000000   Number         0  stm32f1xx_hal_cortex.o ABSOLUTE
    ..\Drivers\STM32F1xx_HAL_Driver\Src\stm32f1xx_hal_dma.c 0x00000000   Number         0  stm32f1xx_hal_dma.o ABSOLUTE
    ..\Drivers\STM32F1xx_HAL_Driver\Src\stm32f1xx_hal_exti.c 0x00000000   Number         0  stm32f1xx_hal_exti.o ABSOLUTE
    ..\Drivers\STM32F1xx_HAL_Driver\Src\stm32f1xx_hal_flash.c 0x00000000   Number         0  stm32f1xx_hal_flash.o ABSOLUTE
    ..\Drivers\STM32F1xx_HAL_Driver\Src\stm32f1xx_hal_flash_ex.c 0x00000000   Number         0  stm32f1xx_hal_flash_ex.o ABSOLUTE
    ..\Drivers\STM32F1xx_HAL_Driver\Src\stm32f1xx_hal_gpio.c 0x00000000   Number         0  stm32f1xx_hal_gpio.o ABSOLUTE
    ..\Drivers\STM32F1xx_HAL_Driver\Src\stm32f1xx_hal_gpio_ex.c 0x00000000   Number         0  stm32f1xx_hal_gpio_ex.o ABSOLUTE
    ..\Drivers\STM32F1xx_HAL_Driver\Src\stm32f1xx_hal_pwr.c 0x00000000   Number         0  stm32f1xx_hal_pwr.o ABSOLUTE
    ..\Drivers\STM32F1xx_HAL_Driver\Src\stm32f1xx_hal_rcc.c 0x00000000   Number         0  stm32f1xx_hal_rcc.o ABSOLUTE
    ..\Drivers\STM32F1xx_HAL_Driver\Src\stm32f1xx_hal_rcc_ex.c 0x00000000   Number         0  stm32f1xx_hal_rcc_ex.o ABSOLUTE
    ..\Drivers\STM32F1xx_HAL_Driver\Src\stm32f1xx_hal_tim.c 0x00000000   Number         0  stm32f1xx_hal_tim.o ABSOLUTE
    ..\Drivers\STM32F1xx_HAL_Driver\Src\stm32f1xx_hal_tim_ex.c 0x00000000   Number         0  stm32f1xx_hal_tim_ex.o ABSOLUTE
    ..\HCSR501\body_hw.c                     0x00000000   Number         0  body_hw.o ABSOLUTE
    ..\\BSP\\bsp_adc.c                       0x00000000   Number         0  bsp_adc.o ABSOLUTE
    ..\\BSP\\bsp_beep.c                      0x00000000   Number         0  bsp_beep.o ABSOLUTE
    ..\\BSP\\bsp_key.c                       0x00000000   Number         0  bsp_key.o ABSOLUTE
    ..\\BSP\\bsp_led.c                       0x00000000   Number         0  bsp_led.o ABSOLUTE
    ..\\BSP\\bsp_led_ui.c                    0x00000000   Number         0  bsp_led_ui.o ABSOLUTE
    ..\\BSP\\bsp_oled.c                      0x00000000   Number         0  bsp_oled.o ABSOLUTE
    ..\\BSP\\bsp_scheduler.c                 0x00000000   Number         0  bsp_scheduler.o ABSOLUTE
    ..\\BSP\\bsp_water.c                     0x00000000   Number         0  bsp_water.o ABSOLUTE
    ..\\BSP\\ringbuffer.c                    0x00000000   Number         0  ringbuffer.o ABSOLUTE
    ..\\DHT11\\delay.c                       0x00000000   Number         0  delay.o ABSOLUTE
    ..\\DHT11\\dht11.c                       0x00000000   Number         0  dht11.o ABSOLUTE
    ..\\DHT11\\sys.c                         0x00000000   Number         0  sys.o ABSOLUTE
    ..\\HCSR501\\body_hw.c                   0x00000000   Number         0  body_hw.o ABSOLUTE
    ..\\oled\\OLED.c                         0x00000000   Number         0  oled.o ABSOLUTE
    ..\oled\OLED.c                           0x00000000   Number         0  oled.o ABSOLUTE
    cdrcmple.s                               0x00000000   Number         0  cdrcmple.o ABSOLUTE
    dc.s                                     0x00000000   Number         0  dc.o ABSOLUTE
    handlers.s                               0x00000000   Number         0  handlers.o ABSOLUTE
    init.s                                   0x00000000   Number         0  init.o ABSOLUTE
    startup_stm32f103xb.s                    0x00000000   Number         0  startup_stm32f103xb.o ABSOLUTE
    RESET                                    0x08000000   Section      236  startup_stm32f103xb.o(RESET)
    .ARM.Collect$$$$00000000                 0x080000ec   Section        0  entry.o(.ARM.Collect$$$$00000000)
    .ARM.Collect$$$$00000001                 0x080000ec   Section        4  entry2.o(.ARM.Collect$$$$00000001)
    .ARM.Collect$$$$00000004                 0x080000f0   Section        4  entry5.o(.ARM.Collect$$$$00000004)
    .ARM.Collect$$$$00000008                 0x080000f4   Section        0  entry7b.o(.ARM.Collect$$$$00000008)
    .ARM.Collect$$$$0000000A                 0x080000f4   Section        0  entry8b.o(.ARM.Collect$$$$0000000A)
    .ARM.Collect$$$$0000000B                 0x080000f4   Section        8  entry9a.o(.ARM.Collect$$$$0000000B)
    .ARM.Collect$$$$0000000D                 0x080000fc   Section        0  entry10a.o(.ARM.Collect$$$$0000000D)
    .ARM.Collect$$$$0000000F                 0x080000fc   Section        0  entry11a.o(.ARM.Collect$$$$0000000F)
    .ARM.Collect$$$$00002712                 0x080000fc   Section        4  entry2.o(.ARM.Collect$$$$00002712)
    __lit__00000000                          0x080000fc   Data           4  entry2.o(.ARM.Collect$$$$00002712)
    .text                                    0x08000100   Section       36  startup_stm32f103xb.o(.text)
    .text                                    0x08000124   Section        0  llushr.o(.text)
    .text                                    0x08000144   Section        0  memseta.o(.text)
    .text                                    0x08000168   Section        0  uidiv.o(.text)
    .text                                    0x08000194   Section        0  uldiv.o(.text)
    .text                                    0x080001f6   Section        0  iusefp.o(.text)
    .text                                    0x080001f6   Section        0  dadd.o(.text)
    .text                                    0x08000344   Section        0  dmul.o(.text)
    .text                                    0x08000428   Section        0  ddiv.o(.text)
    .text                                    0x08000506   Section        0  dfixul.o(.text)
    .text                                    0x08000538   Section       48  cdrcmple.o(.text)
    .text                                    0x08000568   Section       36  init.o(.text)
    .text                                    0x0800058c   Section        0  llshl.o(.text)
    .text                                    0x080005aa   Section        0  llsshr.o(.text)
    .text                                    0x080005ce   Section        0  depilogue.o(.text)
    i.ADC1_2_IRQHandler                      0x08000688   Section        0  stm32f1xx_it.o(i.ADC1_2_IRQHandler)
    i.ADC_ConversionStop_Disable             0x08000698   Section        0  stm32f1xx_hal_adc.o(i.ADC_ConversionStop_Disable)
    i.ADC_Enable                             0x080006f4   Section        0  stm32f1xx_hal_adc.o(i.ADC_Enable)
    i.BODY_HW_GetData                        0x08000784   Section        0  body_hw.o(i.BODY_HW_GetData)
    i.BODY_HW_Init                           0x0800079c   Section        0  body_hw.o(i.BODY_HW_Init)
    i.BusFault_Handler                       0x080007dc   Section        0  stm32f1xx_it.o(i.BusFault_Handler)
    i.DHT11_proc                             0x080007e0   Section        0  dht11.o(i.DHT11_proc)
    i.DMA1_Channel1_IRQHandler               0x08000818   Section        0  stm32f1xx_it.o(i.DMA1_Channel1_IRQHandler)
    i.DebugMon_Handler                       0x08000828   Section        0  stm32f1xx_it.o(i.DebugMon_Handler)
    i.Error_Handler                          0x0800082a   Section        0  main.o(i.Error_Handler)
    i.HAL_ADCEx_InjectedConvCpltCallback     0x08000830   Section        0  stm32f1xx_hal_adc_ex.o(i.HAL_ADCEx_InjectedConvCpltCallback)
    i.HAL_ADC_ConfigChannel                  0x08000834   Section        0  stm32f1xx_hal_adc.o(i.HAL_ADC_ConfigChannel)
    i.HAL_ADC_ConvCpltCallback               0x08000994   Section        0  stm32f1xx_hal_adc.o(i.HAL_ADC_ConvCpltCallback)
    i.HAL_ADC_GetValue                       0x08000996   Section        0  stm32f1xx_hal_adc.o(i.HAL_ADC_GetValue)
    i.HAL_ADC_IRQHandler                     0x0800099e   Section        0  stm32f1xx_hal_adc.o(i.HAL_ADC_IRQHandler)
    i.HAL_ADC_Init                           0x08000ab0   Section        0  stm32f1xx_hal_adc.o(i.HAL_ADC_Init)
    i.HAL_ADC_LevelOutOfWindowCallback       0x08000bf4   Section        0  stm32f1xx_hal_adc.o(i.HAL_ADC_LevelOutOfWindowCallback)
    i.HAL_ADC_MspInit                        0x08000bf8   Section        0  adc.o(i.HAL_ADC_MspInit)
    i.HAL_ADC_PollForConversion              0x08000cb8   Section        0  stm32f1xx_hal_adc.o(i.HAL_ADC_PollForConversion)
    i.HAL_ADC_Start                          0x08000e38   Section        0  stm32f1xx_hal_adc.o(i.HAL_ADC_Start)
    i.HAL_ADC_Stop                           0x08000f68   Section        0  stm32f1xx_hal_adc.o(i.HAL_ADC_Stop)
    i.HAL_DMA_IRQHandler                     0x08000fa8   Section        0  stm32f1xx_hal_dma.o(i.HAL_DMA_IRQHandler)
    i.HAL_DMA_Init                           0x08001144   Section        0  stm32f1xx_hal_dma.o(i.HAL_DMA_Init)
    i.HAL_GPIO_Init                          0x080011ac   Section        0  stm32f1xx_hal_gpio.o(i.HAL_GPIO_Init)
    i.HAL_GPIO_ReadPin                       0x080014cc   Section        0  stm32f1xx_hal_gpio.o(i.HAL_GPIO_ReadPin)
    i.HAL_GPIO_WritePin                      0x080014dc   Section        0  stm32f1xx_hal_gpio.o(i.HAL_GPIO_WritePin)
    i.HAL_GetTick                            0x080014e8   Section        0  stm32f1xx_hal.o(i.HAL_GetTick)
    i.HAL_IncTick                            0x080014f4   Section        0  stm32f1xx_hal.o(i.HAL_IncTick)
    i.HAL_Init                               0x0800150c   Section        0  stm32f1xx_hal.o(i.HAL_Init)
    i.HAL_InitTick                           0x08001534   Section        0  stm32f1xx_hal.o(i.HAL_InitTick)
    i.HAL_MspInit                            0x08001580   Section        0  stm32f1xx_hal_msp.o(i.HAL_MspInit)
    i.HAL_NVIC_EnableIRQ                     0x080015d4   Section        0  stm32f1xx_hal_cortex.o(i.HAL_NVIC_EnableIRQ)
    i.HAL_NVIC_SetPriority                   0x080015f4   Section        0  stm32f1xx_hal_cortex.o(i.HAL_NVIC_SetPriority)
    i.HAL_NVIC_SetPriorityGrouping           0x08001670   Section        0  stm32f1xx_hal_cortex.o(i.HAL_NVIC_SetPriorityGrouping)
    i.HAL_RCCEx_GetPeriphCLKFreq             0x08001698   Section        0  stm32f1xx_hal_rcc_ex.o(i.HAL_RCCEx_GetPeriphCLKFreq)
    i.HAL_RCCEx_PeriphCLKConfig              0x08001794   Section        0  stm32f1xx_hal_rcc_ex.o(i.HAL_RCCEx_PeriphCLKConfig)
    i.HAL_RCC_ClockConfig                    0x080018c4   Section        0  stm32f1xx_hal_rcc.o(i.HAL_RCC_ClockConfig)
    i.HAL_RCC_GetHCLKFreq                    0x08001a50   Section        0  stm32f1xx_hal_rcc.o(i.HAL_RCC_GetHCLKFreq)
    i.HAL_RCC_GetPCLK2Freq                   0x08001a5c   Section        0  stm32f1xx_hal_rcc.o(i.HAL_RCC_GetPCLK2Freq)
    i.HAL_RCC_GetSysClockFreq                0x08001a7c   Section        0  stm32f1xx_hal_rcc.o(i.HAL_RCC_GetSysClockFreq)
    i.HAL_RCC_OscConfig                      0x08001aec   Section        0  stm32f1xx_hal_rcc.o(i.HAL_RCC_OscConfig)
    i.HAL_SYSTICK_Config                     0x08001f50   Section        0  stm32f1xx_hal_cortex.o(i.HAL_SYSTICK_Config)
    i.HAL_TIMEx_MasterConfigSynchronization  0x08001f84   Section        0  stm32f1xx_hal_tim_ex.o(i.HAL_TIMEx_MasterConfigSynchronization)
    i.HAL_TIM_Base_Init                      0x08002008   Section        0  stm32f1xx_hal_tim.o(i.HAL_TIM_Base_Init)
    i.HAL_TIM_Base_MspInit                   0x08002070   Section        0  tim.o(i.HAL_TIM_Base_MspInit)
    i.HAL_TIM_ConfigClockSource              0x0800209c   Section        0  stm32f1xx_hal_tim.o(i.HAL_TIM_ConfigClockSource)
    i.HAL_TIM_MspPostInit                    0x080021a8   Section        0  tim.o(i.HAL_TIM_MspPostInit)
    i.HAL_TIM_PWM_ConfigChannel              0x080021f8   Section        0  stm32f1xx_hal_tim.o(i.HAL_TIM_PWM_ConfigChannel)
    i.HAL_TIM_PWM_Init                       0x080022fc   Section        0  stm32f1xx_hal_tim.o(i.HAL_TIM_PWM_Init)
    i.HAL_TIM_PWM_MspInit                    0x08002362   Section        0  stm32f1xx_hal_tim.o(i.HAL_TIM_PWM_MspInit)
    i.HAL_TIM_PWM_Start                      0x08002364   Section        0  stm32f1xx_hal_tim.o(i.HAL_TIM_PWM_Start)
    i.HCSR501_proc                           0x08002438   Section        0  body_hw.o(i.HCSR501_proc)
    i.HardFault_Handler                      0x0800246c   Section        0  stm32f1xx_it.o(i.HardFault_Handler)
    i.MX_ADC1_Init                           0x08002470   Section        0  adc.o(i.MX_ADC1_Init)
    i.MX_DMA_Init                            0x080024d0   Section        0  dma.o(i.MX_DMA_Init)
    i.MX_GPIO_Init                           0x08002504   Section        0  gpio.o(i.MX_GPIO_Init)
    i.MX_TIM2_Init                           0x08002660   Section        0  tim.o(i.MX_TIM2_Init)
    i.MemManage_Handler                      0x08002708   Section        0  stm32f1xx_it.o(i.MemManage_Handler)
    i.NMI_Handler                            0x0800270c   Section        0  stm32f1xx_it.o(i.NMI_Handler)
    i.OLEDSprintf                            0x08002710   Section        0  bsp_oled.o(i.OLEDSprintf)
    i.OLED_Clear                             0x08002740   Section        0  oled.o(i.OLED_Clear)
    i.OLED_I2C_Init                          0x0800276c   Section        0  oled.o(i.OLED_I2C_Init)
    i.OLED_I2C_SendByte                      0x080027c4   Section        0  oled.o(i.OLED_I2C_SendByte)
    i.OLED_I2C_Start                         0x08002818   Section        0  oled.o(i.OLED_I2C_Start)
    i.OLED_I2C_Stop                          0x0800284c   Section        0  oled.o(i.OLED_I2C_Stop)
    i.OLED_Init                              0x08002874   Section        0  oled.o(i.OLED_Init)
    i.OLED_SetCursor                         0x08002922   Section        0  oled.o(i.OLED_SetCursor)
    i.OLED_ShowChar                          0x08002944   Section        0  oled.o(i.OLED_ShowChar)
    i.OLED_ShowString                        0x080029b8   Section        0  oled.o(i.OLED_ShowString)
    i.OLED_WriteCommand                      0x080029e0   Section        0  oled.o(i.OLED_WriteCommand)
    i.OLED_WriteData                         0x08002a00   Section        0  oled.o(i.OLED_WriteData)
    i.PendSV_Handler                         0x08002a20   Section        0  stm32f1xx_it.o(i.PendSV_Handler)
    i.RCC_Delay                              0x08002a24   Section        0  stm32f1xx_hal_rcc.o(i.RCC_Delay)
    RCC_Delay                                0x08002a25   Thumb Code    36  stm32f1xx_hal_rcc.o(i.RCC_Delay)
    i.SVC_Handler                            0x08002a4c   Section        0  stm32f1xx_it.o(i.SVC_Handler)
    i.SysTick_Handler                        0x08002a4e   Section        0  stm32f1xx_it.o(i.SysTick_Handler)
    i.SystemClock_Config                     0x08002a56   Section        0  main.o(i.SystemClock_Config)
    i.SystemInit                             0x08002ada   Section        0  system_stm32f1xx.o(i.SystemInit)
    i.TIM_Base_SetConfig                     0x08002adc   Section        0  stm32f1xx_hal_tim.o(i.TIM_Base_SetConfig)
    i.TIM_CCxChannelCmd                      0x08002b60   Section        0  stm32f1xx_hal_tim.o(i.TIM_CCxChannelCmd)
    i.TIM_ETR_SetConfig                      0x08002b82   Section        0  stm32f1xx_hal_tim.o(i.TIM_ETR_SetConfig)
    i.TIM_ITRx_SetConfig                     0x08002b98   Section        0  stm32f1xx_hal_tim.o(i.TIM_ITRx_SetConfig)
    TIM_ITRx_SetConfig                       0x08002b99   Thumb Code    18  stm32f1xx_hal_tim.o(i.TIM_ITRx_SetConfig)
    i.TIM_OC1_SetConfig                      0x08002bac   Section        0  stm32f1xx_hal_tim.o(i.TIM_OC1_SetConfig)
    TIM_OC1_SetConfig                        0x08002bad   Thumb Code    90  stm32f1xx_hal_tim.o(i.TIM_OC1_SetConfig)
    i.TIM_OC2_SetConfig                      0x08002c0c   Section        0  stm32f1xx_hal_tim.o(i.TIM_OC2_SetConfig)
    i.TIM_OC3_SetConfig                      0x08002c74   Section        0  stm32f1xx_hal_tim.o(i.TIM_OC3_SetConfig)
    TIM_OC3_SetConfig                        0x08002c75   Thumb Code    98  stm32f1xx_hal_tim.o(i.TIM_OC3_SetConfig)
    i.TIM_OC4_SetConfig                      0x08002cdc   Section        0  stm32f1xx_hal_tim.o(i.TIM_OC4_SetConfig)
    TIM_OC4_SetConfig                        0x08002cdd   Thumb Code    68  stm32f1xx_hal_tim.o(i.TIM_OC4_SetConfig)
    i.TIM_TI1_ConfigInputStage               0x08002d24   Section        0  stm32f1xx_hal_tim.o(i.TIM_TI1_ConfigInputStage)
    TIM_TI1_ConfigInputStage                 0x08002d25   Thumb Code    38  stm32f1xx_hal_tim.o(i.TIM_TI1_ConfigInputStage)
    i.TIM_TI2_ConfigInputStage               0x08002d4a   Section        0  stm32f1xx_hal_tim.o(i.TIM_TI2_ConfigInputStage)
    TIM_TI2_ConfigInputStage                 0x08002d4b   Thumb Code    40  stm32f1xx_hal_tim.o(i.TIM_TI2_ConfigInputStage)
    i.UsageFault_Handler                     0x08002d72   Section        0  stm32f1xx_it.o(i.UsageFault_Handler)
    i.__0vsnprintf                           0x08002d78   Section        0  printfa.o(i.__0vsnprintf)
    i.__NVIC_GetPriorityGrouping             0x08002da4   Section        0  stm32f1xx_hal_cortex.o(i.__NVIC_GetPriorityGrouping)
    __NVIC_GetPriorityGrouping               0x08002da5   Thumb Code    10  stm32f1xx_hal_cortex.o(i.__NVIC_GetPriorityGrouping)
    i.__NVIC_SetPriority                     0x08002db4   Section        0  stm32f1xx_hal_cortex.o(i.__NVIC_SetPriority)
    __NVIC_SetPriority                       0x08002db5   Thumb Code    32  stm32f1xx_hal_cortex.o(i.__NVIC_SetPriority)
    i.__scatterload_copy                     0x08002ddc   Section       14  handlers.o(i.__scatterload_copy)
    i.__scatterload_null                     0x08002dea   Section        2  handlers.o(i.__scatterload_null)
    i.__scatterload_zeroinit                 0x08002dec   Section       14  handlers.o(i.__scatterload_zeroinit)
    i._fp_digits                             0x08002dfc   Section        0  printfa.o(i._fp_digits)
    _fp_digits                               0x08002dfd   Thumb Code   366  printfa.o(i._fp_digits)
    i._printf_core                           0x08002f80   Section        0  printfa.o(i._printf_core)
    _printf_core                             0x08002f81   Thumb Code  1744  printfa.o(i._printf_core)
    i._printf_post_padding                   0x0800365c   Section        0  printfa.o(i._printf_post_padding)
    _printf_post_padding                     0x0800365d   Thumb Code    36  printfa.o(i._printf_post_padding)
    i._printf_pre_padding                    0x08003680   Section        0  printfa.o(i._printf_pre_padding)
    _printf_pre_padding                      0x08003681   Thumb Code    46  printfa.o(i._printf_pre_padding)
    i._snputc                                0x080036ae   Section        0  printfa.o(i._snputc)
    _snputc                                  0x080036af   Thumb Code    22  printfa.o(i._snputc)
    i.adc_proc                               0x080036c4   Section        0  bsp_adc.o(i.adc_proc)
    i.beep_proc                              0x080036f4   Section        0  bsp_beep.o(i.beep_proc)
    i.delay_init                             0x0800371c   Section        0  delay.o(i.delay_init)
    i.delay_ms                               0x08003728   Section        0  delay.o(i.delay_ms)
    i.delay_us                               0x0800373c   Section        0  delay.o(i.delay_us)
    i.dht11_check                            0x08003784   Section        0  dht11.o(i.dht11_check)
    i.dht11_init                             0x080037dc   Section        0  dht11.o(i.dht11_init)
    i.dht11_read_bit                         0x0800382c   Section        0  dht11.o(i.dht11_read_bit)
    i.dht11_read_byte                        0x08003888   Section        0  dht11.o(i.dht11_read_byte)
    dht11_read_byte                          0x08003889   Thumb Code    30  dht11.o(i.dht11_read_byte)
    i.dht11_read_data                        0x080038a6   Section        0  dht11.o(i.dht11_read_data)
    i.dht11_reset                            0x08003900   Section        0  dht11.o(i.dht11_reset)
    dht11_reset                              0x08003901   Thumb Code    46  dht11.o(i.dht11_reset)
    i.key_proc                               0x08003934   Section        0  bsp_key.o(i.key_proc)
    i.key_read                               0x080039bc   Section        0  bsp_key.o(i.key_read)
    i.led_disp                               0x08003a0c   Section        0  bsp_led.o(i.led_disp)
    i.led_proc                               0x08003aa0   Section        0  bsp_led.o(i.led_proc)
    i.led_ui_disp                            0x08003af0   Section        0  bsp_led_ui.o(i.led_ui_disp)
    i.led_ui_proc                            0x08003b38   Section        0  bsp_led_ui.o(i.led_ui_proc)
    i.main                                   0x08003b90   Section        0  main.o(i.main)
    i.oled_proc                              0x08003bf0   Section        0  bsp_oled.o(i.oled_proc)
    i.scheduler_init                         0x08003e54   Section        0  bsp_scheduler.o(i.scheduler_init)
    i.scheduler_run                          0x08003e60   Section        0  bsp_scheduler.o(i.scheduler_run)
    i.sys_stm32_clock_init                   0x08003eb8   Section        0  sys.o(i.sys_stm32_clock_init)
    i.warning_proc                           0x08003f20   Section        0  bsp_beep.o(i.warning_proc)
    i.water_proc                             0x08003f78   Section        0  bsp_water.o(i.water_proc)
    .constdata                               0x08003fd0   Section       18  stm32f1xx_hal_rcc.o(.constdata)
    aPLLMULFactorTable                       0x08003fd0   Data          16  stm32f1xx_hal_rcc.o(.constdata)
    aPredivFactorTable                       0x08003fe0   Data           2  stm32f1xx_hal_rcc.o(.constdata)
    .constdata                               0x08003fe2   Section       18  stm32f1xx_hal_rcc_ex.o(.constdata)
    aPLLMULFactorTable                       0x08003fe2   Data          16  stm32f1xx_hal_rcc_ex.o(.constdata)
    aPredivFactorTable                       0x08003ff2   Data           2  stm32f1xx_hal_rcc_ex.o(.constdata)
    .constdata                               0x08003ff4   Section       24  system_stm32f1xx.o(.constdata)
    .constdata                               0x0800400c   Section     1520  oled.o(.constdata)
    .data                                    0x20000000   Section        9  stm32f1xx_hal.o(.data)
    .data                                    0x2000000c   Section        4  system_stm32f1xx.o(.data)
    .data                                    0x20000010   Section        5  bsp_led_ui.o(.data)
    temp_before                              0x20000014   Data           1  bsp_led_ui.o(.data)
    .data                                    0x20000018   Section      100  bsp_scheduler.o(.data)
    scheduler_task                           0x2000001c   Data          96  bsp_scheduler.o(.data)
    .data                                    0x2000007c   Section        4  bsp_key.o(.data)
    .data                                    0x20000080   Section        4  bsp_led.o(.data)
    temp_before                              0x20000083   Data           1  bsp_led.o(.data)
    .data                                    0x20000084   Section        2  bsp_oled.o(.data)
    .data                                    0x20000086   Section        2  bsp_adc.o(.data)
    .data                                    0x20000088   Section        2  bsp_beep.o(.data)
    .data                                    0x2000008a   Section        1  bsp_water.o(.data)
    temp                                     0x2000008a   Data           1  bsp_water.o(.data)
    .data                                    0x2000008c   Section        4  delay.o(.data)
    g_fac_us                                 0x2000008c   Data           4  delay.o(.data)
    .data                                    0x20000090   Section        3  dht11.o(.data)
    .data                                    0x20000094   Section        3  body_hw.o(.data)
    .bss                                     0x20000098   Section      116  adc.o(.bss)
    .bss                                     0x2000010c   Section       72  tim.o(.bss)
    STACK                                    0x20000158   Section     1024  startup_stm32f103xb.o(STACK)

    Global Symbols

    Symbol Name                              Value     Ov Type        Size  Object(Section)

    BuildAttributes$$THM_ISAv4$P$D$K$B$S$PE$A:L22UL41UL21$X:L11$S22US41US21$IEEE1$IW$USESV6$~STKCKD$USESV7$~SHL$OSPACE$ROPI$EBA8$MICROLIB$REQ8$PRES8$EABIv2 0x00000000   Number         0  anon$$obj.o ABSOLUTE
    __ARM_use_no_argv                        0x00000000   Number         0  main.o ABSOLUTE
    __cpp_initialize__aeabi_                  - Undefined Weak Reference
    __cxa_finalize                            - Undefined Weak Reference
    __decompress                              - Undefined Weak Reference
    _clock_init                               - Undefined Weak Reference
    _microlib_exit                            - Undefined Weak Reference
    __Vectors_Size                           0x000000ec   Number         0  startup_stm32f103xb.o ABSOLUTE
    __Vectors                                0x08000000   Data           4  startup_stm32f103xb.o(RESET)
    __Vectors_End                            0x080000ec   Data           0  startup_stm32f103xb.o(RESET)
    __main                                   0x080000ed   Thumb Code     0  entry.o(.ARM.Collect$$$$00000000)
    _main_stk                                0x080000ed   Thumb Code     0  entry2.o(.ARM.Collect$$$$00000001)
    _main_scatterload                        0x080000f1   Thumb Code     0  entry5.o(.ARM.Collect$$$$00000004)
    __main_after_scatterload                 0x080000f5   Thumb Code     0  entry5.o(.ARM.Collect$$$$00000004)
    _main_clock                              0x080000f5   Thumb Code     0  entry7b.o(.ARM.Collect$$$$00000008)
    _main_cpp_init                           0x080000f5   Thumb Code     0  entry8b.o(.ARM.Collect$$$$0000000A)
    _main_init                               0x080000f5   Thumb Code     0  entry9a.o(.ARM.Collect$$$$0000000B)
    __rt_final_cpp                           0x080000fd   Thumb Code     0  entry10a.o(.ARM.Collect$$$$0000000D)
    __rt_final_exit                          0x080000fd   Thumb Code     0  entry11a.o(.ARM.Collect$$$$0000000F)
    Reset_Handler                            0x08000101   Thumb Code     8  startup_stm32f103xb.o(.text)
    CAN1_RX1_IRQHandler                      0x0800011b   Thumb Code     0  startup_stm32f103xb.o(.text)
    CAN1_SCE_IRQHandler                      0x0800011b   Thumb Code     0  startup_stm32f103xb.o(.text)
    DMA1_Channel2_IRQHandler                 0x0800011b   Thumb Code     0  startup_stm32f103xb.o(.text)
    DMA1_Channel3_IRQHandler                 0x0800011b   Thumb Code     0  startup_stm32f103xb.o(.text)
    DMA1_Channel4_IRQHandler                 0x0800011b   Thumb Code     0  startup_stm32f103xb.o(.text)
    DMA1_Channel5_IRQHandler                 0x0800011b   Thumb Code     0  startup_stm32f103xb.o(.text)
    DMA1_Channel6_IRQHandler                 0x0800011b   Thumb Code     0  startup_stm32f103xb.o(.text)
    DMA1_Channel7_IRQHandler                 0x0800011b   Thumb Code     0  startup_stm32f103xb.o(.text)
    EXTI0_IRQHandler                         0x0800011b   Thumb Code     0  startup_stm32f103xb.o(.text)
    EXTI15_10_IRQHandler                     0x0800011b   Thumb Code     0  startup_stm32f103xb.o(.text)
    EXTI1_IRQHandler                         0x0800011b   Thumb Code     0  startup_stm32f103xb.o(.text)
    EXTI2_IRQHandler                         0x0800011b   Thumb Code     0  startup_stm32f103xb.o(.text)
    EXTI3_IRQHandler                         0x0800011b   Thumb Code     0  startup_stm32f103xb.o(.text)
    EXTI4_IRQHandler                         0x0800011b   Thumb Code     0  startup_stm32f103xb.o(.text)
    EXTI9_5_IRQHandler                       0x0800011b   Thumb Code     0  startup_stm32f103xb.o(.text)
    FLASH_IRQHandler                         0x0800011b   Thumb Code     0  startup_stm32f103xb.o(.text)
    I2C1_ER_IRQHandler                       0x0800011b   Thumb Code     0  startup_stm32f103xb.o(.text)
    I2C1_EV_IRQHandler                       0x0800011b   Thumb Code     0  startup_stm32f103xb.o(.text)
    I2C2_ER_IRQHandler                       0x0800011b   Thumb Code     0  startup_stm32f103xb.o(.text)
    I2C2_EV_IRQHandler                       0x0800011b   Thumb Code     0  startup_stm32f103xb.o(.text)
    PVD_IRQHandler                           0x0800011b   Thumb Code     0  startup_stm32f103xb.o(.text)
    RCC_IRQHandler                           0x0800011b   Thumb Code     0  startup_stm32f103xb.o(.text)
    RTC_Alarm_IRQHandler                     0x0800011b   Thumb Code     0  startup_stm32f103xb.o(.text)
    RTC_IRQHandler                           0x0800011b   Thumb Code     0  startup_stm32f103xb.o(.text)
    SPI1_IRQHandler                          0x0800011b   Thumb Code     0  startup_stm32f103xb.o(.text)
    SPI2_IRQHandler                          0x0800011b   Thumb Code     0  startup_stm32f103xb.o(.text)
    TAMPER_IRQHandler                        0x0800011b   Thumb Code     0  startup_stm32f103xb.o(.text)
    TIM1_BRK_IRQHandler                      0x0800011b   Thumb Code     0  startup_stm32f103xb.o(.text)
    TIM1_CC_IRQHandler                       0x0800011b   Thumb Code     0  startup_stm32f103xb.o(.text)
    TIM1_TRG_COM_IRQHandler                  0x0800011b   Thumb Code     0  startup_stm32f103xb.o(.text)
    TIM1_UP_IRQHandler                       0x0800011b   Thumb Code     0  startup_stm32f103xb.o(.text)
    TIM2_IRQHandler                          0x0800011b   Thumb Code     0  startup_stm32f103xb.o(.text)
    TIM3_IRQHandler                          0x0800011b   Thumb Code     0  startup_stm32f103xb.o(.text)
    TIM4_IRQHandler                          0x0800011b   Thumb Code     0  startup_stm32f103xb.o(.text)
    USART1_IRQHandler                        0x0800011b   Thumb Code     0  startup_stm32f103xb.o(.text)
    USART2_IRQHandler                        0x0800011b   Thumb Code     0  startup_stm32f103xb.o(.text)
    USART3_IRQHandler                        0x0800011b   Thumb Code     0  startup_stm32f103xb.o(.text)
    USBWakeUp_IRQHandler                     0x0800011b   Thumb Code     0  startup_stm32f103xb.o(.text)
    USB_HP_CAN1_TX_IRQHandler                0x0800011b   Thumb Code     0  startup_stm32f103xb.o(.text)
    USB_LP_CAN1_RX0_IRQHandler               0x0800011b   Thumb Code     0  startup_stm32f103xb.o(.text)
    WWDG_IRQHandler                          0x0800011b   Thumb Code     0  startup_stm32f103xb.o(.text)
    __aeabi_llsr                             0x08000125   Thumb Code    32  llushr.o(.text)
    _ll_ushift_r                             0x08000125   Thumb Code     0  llushr.o(.text)
    __aeabi_memset                           0x08000145   Thumb Code    14  memseta.o(.text)
    __aeabi_memset4                          0x08000145   Thumb Code     0  memseta.o(.text)
    __aeabi_memset8                          0x08000145   Thumb Code     0  memseta.o(.text)
    __aeabi_memclr                           0x08000153   Thumb Code     4  memseta.o(.text)
    __aeabi_memclr4                          0x08000153   Thumb Code     0  memseta.o(.text)
    __aeabi_memclr8                          0x08000153   Thumb Code     0  memseta.o(.text)
    _memset$wrapper                          0x08000157   Thumb Code    18  memseta.o(.text)
    __aeabi_uidiv                            0x08000169   Thumb Code     0  uidiv.o(.text)
    __aeabi_uidivmod                         0x08000169   Thumb Code    44  uidiv.o(.text)
    __aeabi_uldivmod                         0x08000195   Thumb Code    98  uldiv.o(.text)
    __I$use$fp                               0x080001f7   Thumb Code     0  iusefp.o(.text)
    __aeabi_dadd                             0x080001f7   Thumb Code   322  dadd.o(.text)
    __aeabi_dsub                             0x08000339   Thumb Code     6  dadd.o(.text)
    __aeabi_drsub                            0x0800033f   Thumb Code     6  dadd.o(.text)
    __aeabi_dmul                             0x08000345   Thumb Code   228  dmul.o(.text)
    __aeabi_ddiv                             0x08000429   Thumb Code   222  ddiv.o(.text)
    __aeabi_d2ulz                            0x08000507   Thumb Code    48  dfixul.o(.text)
    __aeabi_cdrcmple                         0x08000539   Thumb Code    48  cdrcmple.o(.text)
    __scatterload                            0x08000569   Thumb Code    28  init.o(.text)
    __scatterload_rt2                        0x08000569   Thumb Code     0  init.o(.text)
    __aeabi_llsl                             0x0800058d   Thumb Code    30  llshl.o(.text)
    _ll_shift_l                              0x0800058d   Thumb Code     0  llshl.o(.text)
    __aeabi_lasr                             0x080005ab   Thumb Code    36  llsshr.o(.text)
    _ll_sshift_r                             0x080005ab   Thumb Code     0  llsshr.o(.text)
    _double_round                            0x080005cf   Thumb Code    30  depilogue.o(.text)
    _double_epilogue                         0x080005ed   Thumb Code   156  depilogue.o(.text)
    ADC1_2_IRQHandler                        0x08000689   Thumb Code    10  stm32f1xx_it.o(i.ADC1_2_IRQHandler)
    ADC_ConversionStop_Disable               0x08000699   Thumb Code    92  stm32f1xx_hal_adc.o(i.ADC_ConversionStop_Disable)
    ADC_Enable                               0x080006f5   Thumb Code   134  stm32f1xx_hal_adc.o(i.ADC_Enable)
    BODY_HW_GetData                          0x08000785   Thumb Code    18  body_hw.o(i.BODY_HW_GetData)
    BODY_HW_Init                             0x0800079d   Thumb Code    56  body_hw.o(i.BODY_HW_Init)
    BusFault_Handler                         0x080007dd   Thumb Code     4  stm32f1xx_it.o(i.BusFault_Handler)
    DHT11_proc                               0x080007e1   Thumb Code    44  dht11.o(i.DHT11_proc)
    DMA1_Channel1_IRQHandler                 0x08000819   Thumb Code    10  stm32f1xx_it.o(i.DMA1_Channel1_IRQHandler)
    DebugMon_Handler                         0x08000829   Thumb Code     2  stm32f1xx_it.o(i.DebugMon_Handler)
    Error_Handler                            0x0800082b   Thumb Code     6  main.o(i.Error_Handler)
    HAL_ADCEx_InjectedConvCpltCallback       0x08000831   Thumb Code     2  stm32f1xx_hal_adc_ex.o(i.HAL_ADCEx_InjectedConvCpltCallback)
    HAL_ADC_ConfigChannel                    0x08000835   Thumb Code   338  stm32f1xx_hal_adc.o(i.HAL_ADC_ConfigChannel)
    HAL_ADC_ConvCpltCallback                 0x08000995   Thumb Code     2  stm32f1xx_hal_adc.o(i.HAL_ADC_ConvCpltCallback)
    HAL_ADC_GetValue                         0x08000997   Thumb Code     8  stm32f1xx_hal_adc.o(i.HAL_ADC_GetValue)
    HAL_ADC_IRQHandler                       0x0800099f   Thumb Code   274  stm32f1xx_hal_adc.o(i.HAL_ADC_IRQHandler)
    HAL_ADC_Init                             0x08000ab1   Thumb Code   314  stm32f1xx_hal_adc.o(i.HAL_ADC_Init)
    HAL_ADC_LevelOutOfWindowCallback         0x08000bf5   Thumb Code     2  stm32f1xx_hal_adc.o(i.HAL_ADC_LevelOutOfWindowCallback)
    HAL_ADC_MspInit                          0x08000bf9   Thumb Code   170  adc.o(i.HAL_ADC_MspInit)
    HAL_ADC_PollForConversion                0x08000cb9   Thumb Code   366  stm32f1xx_hal_adc.o(i.HAL_ADC_PollForConversion)
    HAL_ADC_Start                            0x08000e39   Thumb Code   294  stm32f1xx_hal_adc.o(i.HAL_ADC_Start)
    HAL_ADC_Stop                             0x08000f69   Thumb Code    64  stm32f1xx_hal_adc.o(i.HAL_ADC_Stop)
    HAL_DMA_IRQHandler                       0x08000fa9   Thumb Code   408  stm32f1xx_hal_dma.o(i.HAL_DMA_IRQHandler)
    HAL_DMA_Init                             0x08001145   Thumb Code   100  stm32f1xx_hal_dma.o(i.HAL_DMA_Init)
    HAL_GPIO_Init                            0x080011ad   Thumb Code   766  stm32f1xx_hal_gpio.o(i.HAL_GPIO_Init)
    HAL_GPIO_ReadPin                         0x080014cd   Thumb Code    16  stm32f1xx_hal_gpio.o(i.HAL_GPIO_ReadPin)
    HAL_GPIO_WritePin                        0x080014dd   Thumb Code    12  stm32f1xx_hal_gpio.o(i.HAL_GPIO_WritePin)
    HAL_GetTick                              0x080014e9   Thumb Code     6  stm32f1xx_hal.o(i.HAL_GetTick)
    HAL_IncTick                              0x080014f5   Thumb Code    16  stm32f1xx_hal.o(i.HAL_IncTick)
    HAL_Init                                 0x0800150d   Thumb Code    34  stm32f1xx_hal.o(i.HAL_Init)
    HAL_InitTick                             0x08001535   Thumb Code    64  stm32f1xx_hal.o(i.HAL_InitTick)
    HAL_MspInit                              0x08001581   Thumb Code    76  stm32f1xx_hal_msp.o(i.HAL_MspInit)
    HAL_NVIC_EnableIRQ                       0x080015d5   Thumb Code    32  stm32f1xx_hal_cortex.o(i.HAL_NVIC_EnableIRQ)
    HAL_NVIC_SetPriority                     0x080015f5   Thumb Code   124  stm32f1xx_hal_cortex.o(i.HAL_NVIC_SetPriority)
    HAL_NVIC_SetPriorityGrouping             0x08001671   Thumb Code    32  stm32f1xx_hal_cortex.o(i.HAL_NVIC_SetPriorityGrouping)
    HAL_RCCEx_GetPeriphCLKFreq               0x08001699   Thumb Code   232  stm32f1xx_hal_rcc_ex.o(i.HAL_RCCEx_GetPeriphCLKFreq)
    HAL_RCCEx_PeriphCLKConfig                0x08001795   Thumb Code   290  stm32f1xx_hal_rcc_ex.o(i.HAL_RCCEx_PeriphCLKConfig)
    HAL_RCC_ClockConfig                      0x080018c5   Thumb Code   376  stm32f1xx_hal_rcc.o(i.HAL_RCC_ClockConfig)
    HAL_RCC_GetHCLKFreq                      0x08001a51   Thumb Code     6  stm32f1xx_hal_rcc.o(i.HAL_RCC_GetHCLKFreq)
    HAL_RCC_GetPCLK2Freq                     0x08001a5d   Thumb Code    22  stm32f1xx_hal_rcc.o(i.HAL_RCC_GetPCLK2Freq)
    HAL_RCC_GetSysClockFreq                  0x08001a7d   Thumb Code    92  stm32f1xx_hal_rcc.o(i.HAL_RCC_GetSysClockFreq)
    HAL_RCC_OscConfig                        0x08001aed   Thumb Code  1114  stm32f1xx_hal_rcc.o(i.HAL_RCC_OscConfig)
    HAL_SYSTICK_Config                       0x08001f51   Thumb Code    52  stm32f1xx_hal_cortex.o(i.HAL_SYSTICK_Config)
    HAL_TIMEx_MasterConfigSynchronization    0x08001f85   Thumb Code   118  stm32f1xx_hal_tim_ex.o(i.HAL_TIMEx_MasterConfigSynchronization)
    HAL_TIM_Base_Init                        0x08002009   Thumb Code   102  stm32f1xx_hal_tim.o(i.HAL_TIM_Base_Init)
    HAL_TIM_Base_MspInit                     0x08002071   Thumb Code    40  tim.o(i.HAL_TIM_Base_MspInit)
    HAL_TIM_ConfigClockSource                0x0800209d   Thumb Code   268  stm32f1xx_hal_tim.o(i.HAL_TIM_ConfigClockSource)
    HAL_TIM_MspPostInit                      0x080021a9   Thumb Code    72  tim.o(i.HAL_TIM_MspPostInit)
    HAL_TIM_PWM_ConfigChannel                0x080021f9   Thumb Code   260  stm32f1xx_hal_tim.o(i.HAL_TIM_PWM_ConfigChannel)
    HAL_TIM_PWM_Init                         0x080022fd   Thumb Code   102  stm32f1xx_hal_tim.o(i.HAL_TIM_PWM_Init)
    HAL_TIM_PWM_MspInit                      0x08002363   Thumb Code     2  stm32f1xx_hal_tim.o(i.HAL_TIM_PWM_MspInit)
    HAL_TIM_PWM_Start                        0x08002365   Thumb Code   198  stm32f1xx_hal_tim.o(i.HAL_TIM_PWM_Start)
    HCSR501_proc                             0x08002439   Thumb Code    44  body_hw.o(i.HCSR501_proc)
    HardFault_Handler                        0x0800246d   Thumb Code     4  stm32f1xx_it.o(i.HardFault_Handler)
    MX_ADC1_Init                             0x08002471   Thumb Code    86  adc.o(i.MX_ADC1_Init)
    MX_DMA_Init                              0x080024d1   Thumb Code    48  dma.o(i.MX_DMA_Init)
    MX_GPIO_Init                             0x08002505   Thumb Code   332  gpio.o(i.MX_GPIO_Init)
    MX_TIM2_Init                             0x08002661   Thumb Code   164  tim.o(i.MX_TIM2_Init)
    MemManage_Handler                        0x08002709   Thumb Code     4  stm32f1xx_it.o(i.MemManage_Handler)
    NMI_Handler                              0x0800270d   Thumb Code     4  stm32f1xx_it.o(i.NMI_Handler)
    OLEDSprintf                              0x08002711   Thumb Code    48  bsp_oled.o(i.OLEDSprintf)
    OLED_Clear                               0x08002741   Thumb Code    42  oled.o(i.OLED_Clear)
    OLED_I2C_Init                            0x0800276d   Thumb Code    78  oled.o(i.OLED_I2C_Init)
    OLED_I2C_SendByte                        0x080027c5   Thumb Code    80  oled.o(i.OLED_I2C_SendByte)
    OLED_I2C_Start                           0x08002819   Thumb Code    48  oled.o(i.OLED_I2C_Start)
    OLED_I2C_Stop                            0x0800284d   Thumb Code    36  oled.o(i.OLED_I2C_Stop)
    OLED_Init                                0x08002875   Thumb Code   174  oled.o(i.OLED_Init)
    OLED_SetCursor                           0x08002923   Thumb Code    34  oled.o(i.OLED_SetCursor)
    OLED_ShowChar                            0x08002945   Thumb Code   110  oled.o(i.OLED_ShowChar)
    OLED_ShowString                          0x080029b9   Thumb Code    40  oled.o(i.OLED_ShowString)
    OLED_WriteCommand                        0x080029e1   Thumb Code    32  oled.o(i.OLED_WriteCommand)
    OLED_WriteData                           0x08002a01   Thumb Code    32  oled.o(i.OLED_WriteData)
    PendSV_Handler                           0x08002a21   Thumb Code     2  stm32f1xx_it.o(i.PendSV_Handler)
    SVC_Handler                              0x08002a4d   Thumb Code     2  stm32f1xx_it.o(i.SVC_Handler)
    SysTick_Handler                          0x08002a4f   Thumb Code     8  stm32f1xx_it.o(i.SysTick_Handler)
    SystemClock_Config                       0x08002a57   Thumb Code   132  main.o(i.SystemClock_Config)
    SystemInit                               0x08002adb   Thumb Code     2  system_stm32f1xx.o(i.SystemInit)
    TIM_Base_SetConfig                       0x08002add   Thumb Code   120  stm32f1xx_hal_tim.o(i.TIM_Base_SetConfig)
    TIM_CCxChannelCmd                        0x08002b61   Thumb Code    34  stm32f1xx_hal_tim.o(i.TIM_CCxChannelCmd)
    TIM_ETR_SetConfig                        0x08002b83   Thumb Code    22  stm32f1xx_hal_tim.o(i.TIM_ETR_SetConfig)
    TIM_OC2_SetConfig                        0x08002c0d   Thumb Code   100  stm32f1xx_hal_tim.o(i.TIM_OC2_SetConfig)
    UsageFault_Handler                       0x08002d73   Thumb Code     4  stm32f1xx_it.o(i.UsageFault_Handler)
    __0vsnprintf                             0x08002d79   Thumb Code    40  printfa.o(i.__0vsnprintf)
    __1vsnprintf                             0x08002d79   Thumb Code     0  printfa.o(i.__0vsnprintf)
    __2vsnprintf                             0x08002d79   Thumb Code     0  printfa.o(i.__0vsnprintf)
    __c89vsnprintf                           0x08002d79   Thumb Code     0  printfa.o(i.__0vsnprintf)
    vsnprintf                                0x08002d79   Thumb Code     0  printfa.o(i.__0vsnprintf)
    __scatterload_copy                       0x08002ddd   Thumb Code    14  handlers.o(i.__scatterload_copy)
    __scatterload_null                       0x08002deb   Thumb Code     2  handlers.o(i.__scatterload_null)
    __scatterload_zeroinit                   0x08002ded   Thumb Code    14  handlers.o(i.__scatterload_zeroinit)
    adc_proc                                 0x080036c5   Thumb Code    38  bsp_adc.o(i.adc_proc)
    beep_proc                                0x080036f5   Thumb Code    32  bsp_beep.o(i.beep_proc)
    delay_init                               0x0800371d   Thumb Code     6  delay.o(i.delay_init)
    delay_ms                                 0x08003729   Thumb Code    18  delay.o(i.delay_ms)
    delay_us                                 0x0800373d   Thumb Code    68  delay.o(i.delay_us)
    dht11_check                              0x08003785   Thumb Code    82  dht11.o(i.dht11_check)
    dht11_init                               0x080037dd   Thumb Code    72  dht11.o(i.dht11_init)
    dht11_read_bit                           0x0800382d   Thumb Code    88  dht11.o(i.dht11_read_bit)
    dht11_read_data                          0x080038a7   Thumb Code    88  dht11.o(i.dht11_read_data)
    key_proc                                 0x08003935   Thumb Code   114  bsp_key.o(i.key_proc)
    key_read                                 0x080039bd   Thumb Code    70  bsp_key.o(i.key_read)
    led_disp                                 0x08003a0d   Thumb Code   140  bsp_led.o(i.led_disp)
    led_proc                                 0x08003aa1   Thumb Code    68  bsp_led.o(i.led_proc)
    led_ui_disp                              0x08003af1   Thumb Code    64  bsp_led_ui.o(i.led_ui_disp)
    led_ui_proc                              0x08003b39   Thumb Code    78  bsp_led_ui.o(i.led_ui_proc)
    main                                     0x08003b91   Thumb Code    92  main.o(i.main)
    oled_proc                                0x08003bf1   Thumb Code   364  bsp_oled.o(i.oled_proc)
    scheduler_init                           0x08003e55   Thumb Code     8  bsp_scheduler.o(i.scheduler_init)
    scheduler_run                            0x08003e61   Thumb Code    78  bsp_scheduler.o(i.scheduler_run)
    sys_stm32_clock_init                     0x08003eb9   Thumb Code   102  sys.o(i.sys_stm32_clock_init)
    warning_proc                             0x08003f21   Thumb Code    70  bsp_beep.o(i.warning_proc)
    water_proc                               0x08003f79   Thumb Code    74  bsp_water.o(i.water_proc)
    AHBPrescTable                            0x08003ff4   Data          16  system_stm32f1xx.o(.constdata)
    APBPrescTable                            0x08004004   Data           8  system_stm32f1xx.o(.constdata)
    OLED_F8x16                               0x0800400c   Data        1520  oled.o(.constdata)
    Region$$Table$$Base                      0x080045fc   Number         0  anon$$obj.o(Region$$Table)
    Region$$Table$$Limit                     0x0800461c   Number         0  anon$$obj.o(Region$$Table)
    uwTick                                   0x20000000   Data           4  stm32f1xx_hal.o(.data)
    uwTickPrio                               0x20000004   Data           4  stm32f1xx_hal.o(.data)
    uwTickFreq                               0x20000008   Data           1  stm32f1xx_hal.o(.data)
    SystemCoreClock                          0x2000000c   Data           4  system_stm32f1xx.o(.data)
    LED_UI                                   0x20000010   Data           4  bsp_led_ui.o(.data)
    task_num                                 0x20000018   Data           1  bsp_scheduler.o(.data)
    key_val                                  0x2000007c   Data           1  bsp_key.o(.data)
    key_before                               0x2000007d   Data           1  bsp_key.o(.data)
    key_down                                 0x2000007e   Data           1  bsp_key.o(.data)
    key_up                                   0x2000007f   Data           1  bsp_key.o(.data)
    LED_TIP                                  0x20000080   Data           3  bsp_led.o(.data)
    currentStatus                            0x20000084   Data           1  bsp_oled.o(.data)
    oled_disp_mode                           0x20000085   Data           1  bsp_oled.o(.data)
    adc_value                                0x20000086   Data           2  bsp_adc.o(.data)
    BEEP_state                               0x20000088   Data           2  bsp_beep.o(.data)
    t                                        0x20000090   Data           1  dht11.o(.data)
    temperature                              0x20000091   Data           1  dht11.o(.data)
    humidity                                 0x20000092   Data           1  dht11.o(.data)
    value                                    0x20000094   Data           2  body_hw.o(.data)
    HUMAN_t                                  0x20000096   Data           1  body_hw.o(.data)
    hadc1                                    0x20000098   Data          48  adc.o(.bss)
    hdma_adc1                                0x200000c8   Data          68  adc.o(.bss)
    htim2                                    0x2000010c   Data          72  tim.o(.bss)
    __initial_sp                             0x20000558   Data           0  startup_stm32f103xb.o(STACK)



==============================================================================

Memory Map of the image

  Image Entry point : 0x080000ed

  Load Region LR_IROM1 (Base: 0x08000000, Size: 0x000046b4, Max: 0x00010000, ABSOLUTE)

    Execution Region ER_IROM1 (Exec base: 0x08000000, Load base: 0x08000000, Size: 0x0000461c, Max: 0x00010000, ABSOLUTE)

    Exec Addr    Load Addr    Size         Type   Attr      Idx    E Section Name        Object

    0x08000000   0x08000000   0x000000ec   Data   RO            3    RESET               startup_stm32f103xb.o
    0x080000ec   0x080000ec   0x00000000   Code   RO         3551  * .ARM.Collect$$$$00000000  mc_w.l(entry.o)
    0x080000ec   0x080000ec   0x00000004   Code   RO         3586    .ARM.Collect$$$$00000001  mc_w.l(entry2.o)
    0x080000f0   0x080000f0   0x00000004   Code   RO         3589    .ARM.Collect$$$$00000004  mc_w.l(entry5.o)
    0x080000f4   0x080000f4   0x00000000   Code   RO         3591    .ARM.Collect$$$$00000008  mc_w.l(entry7b.o)
    0x080000f4   0x080000f4   0x00000000   Code   RO         3593    .ARM.Collect$$$$0000000A  mc_w.l(entry8b.o)
    0x080000f4   0x080000f4   0x00000008   Code   RO         3594    .ARM.Collect$$$$0000000B  mc_w.l(entry9a.o)
    0x080000fc   0x080000fc   0x00000000   Code   RO         3596    .ARM.Collect$$$$0000000D  mc_w.l(entry10a.o)
    0x080000fc   0x080000fc   0x00000000   Code   RO         3598    .ARM.Collect$$$$0000000F  mc_w.l(entry11a.o)
    0x080000fc   0x080000fc   0x00000004   Code   RO         3587    .ARM.Collect$$$$00002712  mc_w.l(entry2.o)
    0x08000100   0x08000100   0x00000024   Code   RO            4    .text               startup_stm32f103xb.o
    0x08000124   0x08000124   0x00000020   Code   RO         3554    .text               mc_w.l(llushr.o)
    0x08000144   0x08000144   0x00000024   Code   RO         3556    .text               mc_w.l(memseta.o)
    0x08000168   0x08000168   0x0000002c   Code   RO         3603    .text               mc_w.l(uidiv.o)
    0x08000194   0x08000194   0x00000062   Code   RO         3605    .text               mc_w.l(uldiv.o)
    0x080001f6   0x080001f6   0x00000000   Code   RO         3607    .text               mc_w.l(iusefp.o)
    0x080001f6   0x080001f6   0x0000014e   Code   RO         3608    .text               mf_w.l(dadd.o)
    0x08000344   0x08000344   0x000000e4   Code   RO         3610    .text               mf_w.l(dmul.o)
    0x08000428   0x08000428   0x000000de   Code   RO         3612    .text               mf_w.l(ddiv.o)
    0x08000506   0x08000506   0x00000030   Code   RO         3614    .text               mf_w.l(dfixul.o)
    0x08000536   0x08000536   0x00000002   PAD
    0x08000538   0x08000538   0x00000030   Code   RO         3616    .text               mf_w.l(cdrcmple.o)
    0x08000568   0x08000568   0x00000024   Code   RO         3618    .text               mc_w.l(init.o)
    0x0800058c   0x0800058c   0x0000001e   Code   RO         3621    .text               mc_w.l(llshl.o)
    0x080005aa   0x080005aa   0x00000024   Code   RO         3623    .text               mc_w.l(llsshr.o)
    0x080005ce   0x080005ce   0x000000ba   Code   RO         3626    .text               mf_w.l(depilogue.o)
    0x08000688   0x08000688   0x00000010   Code   RO          361    i.ADC1_2_IRQHandler  stm32f1xx_it.o
    0x08000698   0x08000698   0x0000005c   Code   RO          509    i.ADC_ConversionStop_Disable  stm32f1xx_hal_adc.o
    0x080006f4   0x080006f4   0x00000090   Code   RO          513    i.ADC_Enable        stm32f1xx_hal_adc.o
    0x08000784   0x08000784   0x00000018   Code   RO         3511    i.BODY_HW_GetData   body_hw.o
    0x0800079c   0x0800079c   0x00000040   Code   RO         3512    i.BODY_HW_Init      body_hw.o
    0x080007dc   0x080007dc   0x00000004   Code   RO          362    i.BusFault_Handler  stm32f1xx_it.o
    0x080007e0   0x080007e0   0x00000038   Code   RO         3370    i.DHT11_proc        dht11.o
    0x08000818   0x08000818   0x00000010   Code   RO          363    i.DMA1_Channel1_IRQHandler  stm32f1xx_it.o
    0x08000828   0x08000828   0x00000002   Code   RO          364    i.DebugMon_Handler  stm32f1xx_it.o
    0x0800082a   0x0800082a   0x00000006   Code   RO           13    i.Error_Handler     main.o
    0x08000830   0x08000830   0x00000002   Code   RO          691    i.HAL_ADCEx_InjectedConvCpltCallback  stm32f1xx_hal_adc_ex.o
    0x08000832   0x08000832   0x00000002   PAD
    0x08000834   0x08000834   0x00000160   Code   RO          515    i.HAL_ADC_ConfigChannel  stm32f1xx_hal_adc.o
    0x08000994   0x08000994   0x00000002   Code   RO          516    i.HAL_ADC_ConvCpltCallback  stm32f1xx_hal_adc.o
    0x08000996   0x08000996   0x00000008   Code   RO          522    i.HAL_ADC_GetValue  stm32f1xx_hal_adc.o
    0x0800099e   0x0800099e   0x00000112   Code   RO          523    i.HAL_ADC_IRQHandler  stm32f1xx_hal_adc.o
    0x08000ab0   0x08000ab0   0x00000144   Code   RO          524    i.HAL_ADC_Init      stm32f1xx_hal_adc.o
    0x08000bf4   0x08000bf4   0x00000002   Code   RO          525    i.HAL_ADC_LevelOutOfWindowCallback  stm32f1xx_hal_adc.o
    0x08000bf6   0x08000bf6   0x00000002   PAD
    0x08000bf8   0x08000bf8   0x000000c0   Code   RO          248    i.HAL_ADC_MspInit   adc.o
    0x08000cb8   0x08000cb8   0x00000180   Code   RO          528    i.HAL_ADC_PollForConversion  stm32f1xx_hal_adc.o
    0x08000e38   0x08000e38   0x00000130   Code   RO          530    i.HAL_ADC_Start     stm32f1xx_hal_adc.o
    0x08000f68   0x08000f68   0x00000040   Code   RO          533    i.HAL_ADC_Stop      stm32f1xx_hal_adc.o
    0x08000fa8   0x08000fa8   0x0000019c   Code   RO         1176    i.HAL_DMA_IRQHandler  stm32f1xx_hal_dma.o
    0x08001144   0x08001144   0x00000068   Code   RO         1177    i.HAL_DMA_Init      stm32f1xx_hal_dma.o
    0x080011ac   0x080011ac   0x00000320   Code   RO         1107    i.HAL_GPIO_Init     stm32f1xx_hal_gpio.o
    0x080014cc   0x080014cc   0x00000010   Code   RO         1109    i.HAL_GPIO_ReadPin  stm32f1xx_hal_gpio.o
    0x080014dc   0x080014dc   0x0000000c   Code   RO         1111    i.HAL_GPIO_WritePin  stm32f1xx_hal_gpio.o
    0x080014e8   0x080014e8   0x0000000c   Code   RO          796    i.HAL_GetTick       stm32f1xx_hal.o
    0x080014f4   0x080014f4   0x00000018   Code   RO          802    i.HAL_IncTick       stm32f1xx_hal.o
    0x0800150c   0x0800150c   0x00000028   Code   RO          803    i.HAL_Init          stm32f1xx_hal.o
    0x08001534   0x08001534   0x0000004c   Code   RO          804    i.HAL_InitTick      stm32f1xx_hal.o
    0x08001580   0x08001580   0x00000054   Code   RO          449    i.HAL_MspInit       stm32f1xx_hal_msp.o
    0x080015d4   0x080015d4   0x00000020   Code   RO         1267    i.HAL_NVIC_EnableIRQ  stm32f1xx_hal_cortex.o
    0x080015f4   0x080015f4   0x0000007c   Code   RO         1273    i.HAL_NVIC_SetPriority  stm32f1xx_hal_cortex.o
    0x08001670   0x08001670   0x00000028   Code   RO         1274    i.HAL_NVIC_SetPriorityGrouping  stm32f1xx_hal_cortex.o
    0x08001698   0x08001698   0x000000fc   Code   RO         1068    i.HAL_RCCEx_GetPeriphCLKFreq  stm32f1xx_hal_rcc_ex.o
    0x08001794   0x08001794   0x00000130   Code   RO         1069    i.HAL_RCCEx_PeriphCLKConfig  stm32f1xx_hal_rcc_ex.o
    0x080018c4   0x080018c4   0x0000018c   Code   RO          960    i.HAL_RCC_ClockConfig  stm32f1xx_hal_rcc.o
    0x08001a50   0x08001a50   0x0000000c   Code   RO          965    i.HAL_RCC_GetHCLKFreq  stm32f1xx_hal_rcc.o
    0x08001a5c   0x08001a5c   0x00000020   Code   RO          968    i.HAL_RCC_GetPCLK2Freq  stm32f1xx_hal_rcc.o
    0x08001a7c   0x08001a7c   0x00000070   Code   RO          969    i.HAL_RCC_GetSysClockFreq  stm32f1xx_hal_rcc.o
    0x08001aec   0x08001aec   0x00000464   Code   RO          972    i.HAL_RCC_OscConfig  stm32f1xx_hal_rcc.o
    0x08001f50   0x08001f50   0x00000034   Code   RO         1278    i.HAL_SYSTICK_Config  stm32f1xx_hal_cortex.o
    0x08001f84   0x08001f84   0x00000084   Code   RO         2529    i.HAL_TIMEx_MasterConfigSynchronization  stm32f1xx_hal_tim_ex.o
    0x08002008   0x08002008   0x00000066   Code   RO         1795    i.HAL_TIM_Base_Init  stm32f1xx_hal_tim.o
    0x0800206e   0x0800206e   0x00000002   PAD
    0x08002070   0x08002070   0x0000002c   Code   RO          314    i.HAL_TIM_Base_MspInit  tim.o
    0x0800209c   0x0800209c   0x0000010c   Code   RO         1804    i.HAL_TIM_ConfigClockSource  stm32f1xx_hal_tim.o
    0x080021a8   0x080021a8   0x00000050   Code   RO          315    i.HAL_TIM_MspPostInit  tim.o
    0x080021f8   0x080021f8   0x00000104   Code   RO         1867    i.HAL_TIM_PWM_ConfigChannel  stm32f1xx_hal_tim.o
    0x080022fc   0x080022fc   0x00000066   Code   RO         1870    i.HAL_TIM_PWM_Init  stm32f1xx_hal_tim.o
    0x08002362   0x08002362   0x00000002   Code   RO         1872    i.HAL_TIM_PWM_MspInit  stm32f1xx_hal_tim.o
    0x08002364   0x08002364   0x000000d4   Code   RO         1875    i.HAL_TIM_PWM_Start  stm32f1xx_hal_tim.o
    0x08002438   0x08002438   0x00000034   Code   RO         3513    i.HCSR501_proc      body_hw.o
    0x0800246c   0x0800246c   0x00000004   Code   RO          365    i.HardFault_Handler  stm32f1xx_it.o
    0x08002470   0x08002470   0x00000060   Code   RO          249    i.MX_ADC1_Init      adc.o
    0x080024d0   0x080024d0   0x00000034   Code   RO          289    i.MX_DMA_Init       dma.o
    0x08002504   0x08002504   0x0000015c   Code   RO          223    i.MX_GPIO_Init      gpio.o
    0x08002660   0x08002660   0x000000a8   Code   RO          316    i.MX_TIM2_Init      tim.o
    0x08002708   0x08002708   0x00000004   Code   RO          366    i.MemManage_Handler  stm32f1xx_it.o
    0x0800270c   0x0800270c   0x00000004   Code   RO          367    i.NMI_Handler       stm32f1xx_it.o
    0x08002710   0x08002710   0x00000030   Code   RO         3054    i.OLEDSprintf       bsp_oled.o
    0x08002740   0x08002740   0x0000002a   Code   RO         3101    i.OLED_Clear        oled.o
    0x0800276a   0x0800276a   0x00000002   PAD
    0x0800276c   0x0800276c   0x00000058   Code   RO         3102    i.OLED_I2C_Init     oled.o
    0x080027c4   0x080027c4   0x00000054   Code   RO         3103    i.OLED_I2C_SendByte  oled.o
    0x08002818   0x08002818   0x00000034   Code   RO         3104    i.OLED_I2C_Start    oled.o
    0x0800284c   0x0800284c   0x00000028   Code   RO         3105    i.OLED_I2C_Stop     oled.o
    0x08002874   0x08002874   0x000000ae   Code   RO         3106    i.OLED_Init         oled.o
    0x08002922   0x08002922   0x00000022   Code   RO         3108    i.OLED_SetCursor    oled.o
    0x08002944   0x08002944   0x00000074   Code   RO         3110    i.OLED_ShowChar     oled.o
    0x080029b8   0x080029b8   0x00000028   Code   RO         3114    i.OLED_ShowString   oled.o
    0x080029e0   0x080029e0   0x00000020   Code   RO         3115    i.OLED_WriteCommand  oled.o
    0x08002a00   0x08002a00   0x00000020   Code   RO         3116    i.OLED_WriteData    oled.o
    0x08002a20   0x08002a20   0x00000002   Code   RO          368    i.PendSV_Handler    stm32f1xx_it.o
    0x08002a22   0x08002a22   0x00000002   PAD
    0x08002a24   0x08002a24   0x00000028   Code   RO          973    i.RCC_Delay         stm32f1xx_hal_rcc.o
    0x08002a4c   0x08002a4c   0x00000002   Code   RO          369    i.SVC_Handler       stm32f1xx_it.o
    0x08002a4e   0x08002a4e   0x00000008   Code   RO          370    i.SysTick_Handler   stm32f1xx_it.o
    0x08002a56   0x08002a56   0x00000084   Code   RO           14    i.SystemClock_Config  main.o
    0x08002ada   0x08002ada   0x00000002   Code   RO         2778    i.SystemInit        system_stm32f1xx.o
    0x08002adc   0x08002adc   0x00000084   Code   RO         1888    i.TIM_Base_SetConfig  stm32f1xx_hal_tim.o
    0x08002b60   0x08002b60   0x00000022   Code   RO         1889    i.TIM_CCxChannelCmd  stm32f1xx_hal_tim.o
    0x08002b82   0x08002b82   0x00000016   Code   RO         1899    i.TIM_ETR_SetConfig  stm32f1xx_hal_tim.o
    0x08002b98   0x08002b98   0x00000012   Code   RO         1900    i.TIM_ITRx_SetConfig  stm32f1xx_hal_tim.o
    0x08002baa   0x08002baa   0x00000002   PAD
    0x08002bac   0x08002bac   0x00000060   Code   RO         1901    i.TIM_OC1_SetConfig  stm32f1xx_hal_tim.o
    0x08002c0c   0x08002c0c   0x00000068   Code   RO         1902    i.TIM_OC2_SetConfig  stm32f1xx_hal_tim.o
    0x08002c74   0x08002c74   0x00000068   Code   RO         1903    i.TIM_OC3_SetConfig  stm32f1xx_hal_tim.o
    0x08002cdc   0x08002cdc   0x00000048   Code   RO         1904    i.TIM_OC4_SetConfig  stm32f1xx_hal_tim.o
    0x08002d24   0x08002d24   0x00000026   Code   RO         1906    i.TIM_TI1_ConfigInputStage  stm32f1xx_hal_tim.o
    0x08002d4a   0x08002d4a   0x00000028   Code   RO         1908    i.TIM_TI2_ConfigInputStage  stm32f1xx_hal_tim.o
    0x08002d72   0x08002d72   0x00000004   Code   RO          371    i.UsageFault_Handler  stm32f1xx_it.o
    0x08002d76   0x08002d76   0x00000002   PAD
    0x08002d78   0x08002d78   0x0000002c   Code   RO         3564    i.__0vsnprintf      mc_w.l(printfa.o)
    0x08002da4   0x08002da4   0x00000010   Code   RO         1280    i.__NVIC_GetPriorityGrouping  stm32f1xx_hal_cortex.o
    0x08002db4   0x08002db4   0x00000028   Code   RO         1281    i.__NVIC_SetPriority  stm32f1xx_hal_cortex.o
    0x08002ddc   0x08002ddc   0x0000000e   Code   RO         3630    i.__scatterload_copy  mc_w.l(handlers.o)
    0x08002dea   0x08002dea   0x00000002   Code   RO         3631    i.__scatterload_null  mc_w.l(handlers.o)
    0x08002dec   0x08002dec   0x0000000e   Code   RO         3632    i.__scatterload_zeroinit  mc_w.l(handlers.o)
    0x08002dfa   0x08002dfa   0x00000002   PAD
    0x08002dfc   0x08002dfc   0x00000184   Code   RO         3566    i._fp_digits        mc_w.l(printfa.o)
    0x08002f80   0x08002f80   0x000006dc   Code   RO         3567    i._printf_core      mc_w.l(printfa.o)
    0x0800365c   0x0800365c   0x00000024   Code   RO         3568    i._printf_post_padding  mc_w.l(printfa.o)
    0x08003680   0x08003680   0x0000002e   Code   RO         3569    i._printf_pre_padding  mc_w.l(printfa.o)
    0x080036ae   0x080036ae   0x00000016   Code   RO         3570    i._snputc           mc_w.l(printfa.o)
    0x080036c4   0x080036c4   0x00000030   Code   RO         3221    i.adc_proc          bsp_adc.o
    0x080036f4   0x080036f4   0x00000028   Code   RO         3251    i.beep_proc         bsp_beep.o
    0x0800371c   0x0800371c   0x0000000c   Code   RO         3321    i.delay_init        delay.o
    0x08003728   0x08003728   0x00000012   Code   RO         3322    i.delay_ms          delay.o
    0x0800373a   0x0800373a   0x00000002   PAD
    0x0800373c   0x0800373c   0x00000048   Code   RO         3323    i.delay_us          delay.o
    0x08003784   0x08003784   0x00000058   Code   RO         3371    i.dht11_check       dht11.o
    0x080037dc   0x080037dc   0x00000050   Code   RO         3372    i.dht11_init        dht11.o
    0x0800382c   0x0800382c   0x0000005c   Code   RO         3373    i.dht11_read_bit    dht11.o
    0x08003888   0x08003888   0x0000001e   Code   RO         3374    i.dht11_read_byte   dht11.o
    0x080038a6   0x080038a6   0x00000058   Code   RO         3375    i.dht11_read_data   dht11.o
    0x080038fe   0x080038fe   0x00000002   PAD
    0x08003900   0x08003900   0x00000034   Code   RO         3376    i.dht11_reset       dht11.o
    0x08003934   0x08003934   0x00000088   Code   RO         2984    i.key_proc          bsp_key.o
    0x080039bc   0x080039bc   0x00000050   Code   RO         2985    i.key_read          bsp_key.o
    0x08003a0c   0x08003a0c   0x00000094   Code   RO         3017    i.led_disp          bsp_led.o
    0x08003aa0   0x08003aa0   0x00000050   Code   RO         3018    i.led_proc          bsp_led.o
    0x08003af0   0x08003af0   0x00000048   Code   RO         2814    i.led_ui_disp       bsp_led_ui.o
    0x08003b38   0x08003b38   0x00000058   Code   RO         2815    i.led_ui_proc       bsp_led_ui.o
    0x08003b90   0x08003b90   0x00000060   Code   RO           15    i.main              main.o
    0x08003bf0   0x08003bf0   0x00000264   Code   RO         3055    i.oled_proc         bsp_oled.o
    0x08003e54   0x08003e54   0x0000000c   Code   RO         2899    i.scheduler_init    bsp_scheduler.o
    0x08003e60   0x08003e60   0x00000058   Code   RO         2900    i.scheduler_run     bsp_scheduler.o
    0x08003eb8   0x08003eb8   0x00000066   Code   RO         3444    i.sys_stm32_clock_init  sys.o
    0x08003f1e   0x08003f1e   0x00000002   PAD
    0x08003f20   0x08003f20   0x00000058   Code   RO         3252    i.warning_proc      bsp_beep.o
    0x08003f78   0x08003f78   0x00000058   Code   RO         3287    i.water_proc        bsp_water.o
    0x08003fd0   0x08003fd0   0x00000012   Data   RO          974    .constdata          stm32f1xx_hal_rcc.o
    0x08003fe2   0x08003fe2   0x00000012   Data   RO         1070    .constdata          stm32f1xx_hal_rcc_ex.o
    0x08003ff4   0x08003ff4   0x00000018   Data   RO         2779    .constdata          system_stm32f1xx.o
    0x0800400c   0x0800400c   0x000005f0   Data   RO         3117    .constdata          oled.o
    0x080045fc   0x080045fc   0x00000020   Data   RO         3628    Region$$Table       anon$$obj.o


    Execution Region RW_IRAM1 (Exec base: 0x20000000, Load base: 0x0800461c, Size: 0x00000558, Max: 0x00005000, ABSOLUTE)

    Exec Addr    Load Addr    Size         Type   Attr      Idx    E Section Name        Object

    0x20000000   0x0800461c   0x00000009   Data   RW          810    .data               stm32f1xx_hal.o
    0x20000009   0x08004625   0x00000003   PAD
    0x2000000c   0x08004628   0x00000004   Data   RW         2780    .data               system_stm32f1xx.o
    0x20000010   0x0800462c   0x00000005   Data   RW         2816    .data               bsp_led_ui.o
    0x20000015   0x08004631   0x00000003   PAD
    0x20000018   0x08004634   0x00000064   Data   RW         2901    .data               bsp_scheduler.o
    0x2000007c   0x08004698   0x00000004   Data   RW         2986    .data               bsp_key.o
    0x20000080   0x0800469c   0x00000004   Data   RW         3019    .data               bsp_led.o
    0x20000084   0x080046a0   0x00000002   Data   RW         3056    .data               bsp_oled.o
    0x20000086   0x080046a2   0x00000002   Data   RW         3222    .data               bsp_adc.o
    0x20000088   0x080046a4   0x00000002   Data   RW         3253    .data               bsp_beep.o
    0x2000008a   0x080046a6   0x00000001   Data   RW         3288    .data               bsp_water.o
    0x2000008b   0x080046a7   0x00000001   PAD
    0x2000008c   0x080046a8   0x00000004   Data   RW         3324    .data               delay.o
    0x20000090   0x080046ac   0x00000003   Data   RW         3377    .data               dht11.o
    0x20000093   0x080046af   0x00000001   PAD
    0x20000094   0x080046b0   0x00000003   Data   RW         3514    .data               body_hw.o
    0x20000097   0x080046b3   0x00000001   PAD
    0x20000098        -       0x00000074   Zero   RW          250    .bss                adc.o
    0x2000010c        -       0x00000048   Zero   RW          317    .bss                tim.o
    0x20000154   0x080046b3   0x00000004   PAD
    0x20000158        -       0x00000400   Zero   RW            1    STACK               startup_stm32f103xb.o


==============================================================================

Image component sizes


      Code (inc. data)   RO Data    RW Data    ZI Data      Debug   Object Name

       288         32          0          0        116       1719   adc.o
       140         22          0          3          0       1992   body_hw.o
        48         10          0          2          0        647   bsp_adc.o
       128         26          0          2          0       1472   bsp_beep.o
       216         32          0          4          0       1271   bsp_key.o
       228         20          0          4          0       1616   bsp_led.o
       160         18          0          5          0       1545   bsp_led_ui.o
       660        248          0          2          0       2449   bsp_oled.o
       100         14          0        100          0       1612   bsp_scheduler.o
        88         14          0          1          0        685   bsp_water.o
       102         10          0          4          0       1695   delay.o
       486         36          0          3          0       4260   dht11.o
        52          4          0          0          0        726   dma.o
       348         16          0          0          0       1031   gpio.o
       234          4          0          0          0     439640   main.o
       734         28       1520          0          0       6747   oled.o
        36          8        236          0       1024        796   startup_stm32f103xb.o
       152         32          0          9          0       5221   stm32f1xx_hal.o
      1950         62          0          0          0       8902   stm32f1xx_hal_adc.o
         2          0          0          0          0       1065   stm32f1xx_hal_adc_ex.o
       304         22          0          0          0      29351   stm32f1xx_hal_cortex.o
       516          8          0          0          0       1908   stm32f1xx_hal_dma.o
       828         34          0          0          0       3279   stm32f1xx_hal_gpio.o
        84          8          0          0          0        878   stm32f1xx_hal_msp.o
      1716         88         18          0          0       5357   stm32f1xx_hal_rcc.o
       556         34         18          0          0       2345   stm32f1xx_hal_rcc_ex.o
      1606         46          0          0          0      11766   stm32f1xx_hal_tim.o
       132         14          0          0          0       1312   stm32f1xx_hal_tim_ex.o
        66         12          0          0          0       4765   stm32f1xx_it.o
       102          0          0          0          0        675   sys.o
         2          0         24          4          0       1095   system_stm32f1xx.o
       292         16          0          0         72       2260   tim.o

    ----------------------------------------------------------------------
     12376        918       1848        152       1216     550082   Object Totals
         0          0         32          0          0          0   (incl. Generated)
        20          0          0          9          4          0   (incl. Padding)

    ----------------------------------------------------------------------

      Code (inc. data)   RO Data    RW Data    ZI Data      Debug   Library Member Name

         0          0          0          0          0          0   entry.o
         0          0          0          0          0          0   entry10a.o
         0          0          0          0          0          0   entry11a.o
         8          4          0          0          0          0   entry2.o
         4          0          0          0          0          0   entry5.o
         0          0          0          0          0          0   entry7b.o
         0          0          0          0          0          0   entry8b.o
         8          4          0          0          0          0   entry9a.o
        30          0          0          0          0          0   handlers.o
        36          8          0          0          0         68   init.o
         0          0          0          0          0          0   iusefp.o
        30          0          0          0          0         68   llshl.o
        36          0          0          0          0         68   llsshr.o
        32          0          0          0          0         68   llushr.o
        36          0          0          0          0        108   memseta.o
      2292         84          0          0          0        516   printfa.o
        44          0          0          0          0         80   uidiv.o
        98          0          0          0          0         92   uldiv.o
        48          0          0          0          0         68   cdrcmple.o
       334          0          0          0          0        148   dadd.o
       222          0          0          0          0        100   ddiv.o
       186          0          0          0          0        176   depilogue.o
        48          0          0          0          0         68   dfixul.o
       228          0          0          0          0         96   dmul.o

    ----------------------------------------------------------------------
      3724        100          0          0          0       1724   Library Totals
         4          0          0          0          0          0   (incl. Padding)

    ----------------------------------------------------------------------

      Code (inc. data)   RO Data    RW Data    ZI Data      Debug   Library Name

      2654        100          0          0          0       1068   mc_w.l
      1066          0          0          0          0        656   mf_w.l

    ----------------------------------------------------------------------
      3724        100          0          0          0       1724   Library Totals

    ----------------------------------------------------------------------

==============================================================================


      Code (inc. data)   RO Data    RW Data    ZI Data      Debug   

     16100       1018       1848        152       1216     545406   Grand Totals
     16100       1018       1848        152       1216     545406   ELF Image Totals
     16100       1018       1848        152          0          0   ROM Totals

==============================================================================

    Total RO  Size (Code + RO Data)                17948 (  17.53kB)
    Total RW  Size (RW Data + ZI Data)              1368 (   1.34kB)
    Total ROM Size (Code + RO Data + RW Data)      18100 (  17.68kB)

==============================================================================

